MPLINK 5.00, LINKER
Linker Map File - Created Mon Jan 09 13:49:34 2023

                                 Section Info
                  Section       Type    Address   Location Size(Bytes)
                ---------  ---------  ---------  ---------  ---------
               _entry_scn       code   0x000000    program   0x000006
           .code___init.o       code   0x000006    program   0x000002
      InterruptVectorHigh       code   0x000008    program   0x000006
     .idata_interrupt.o_i    romdata   0x00000e    program   0x000004
         .idata_c018i.o_i    romdata   0x000012    program   0x000000
            .code_c018i.o       code   0x000012    program   0x000000
        .idata___init.o_i    romdata   0x000012    program   0x000000
       .idata_fxm3232.o_i    romdata   0x000012    program   0x000000
      .idata_fxd3232u.o_i    romdata   0x000012    program   0x000000
      .idata_fxd2424u.o_i    romdata   0x000012    program   0x000000
      .idata_fxd1616u.o_i    romdata   0x000012    program   0x000000
      .idata_fxd0808u.o_i    romdata   0x000012    program   0x000000
           .idata_adc.o_i    romdata   0x000012    program   0x000000
       InterruptVectorLow       code   0x000018    program   0x000006
                   .cinit    romdata   0x00001e    program   0x000062
             .code_main.o       code   0x000080    program   0x0022c0
              .code_lcd.o       code   0x002340    program   0x000e40
           .code_button.o       code   0x003180    program   0x0007b4
            .code_timer.o       code   0x003934    program   0x00051c
             .stringtable    romdata   0x003e50    program   0x000489
           .idata_pwm.o_i    romdata   0x0042d9    program   0x000001
           .romdata_pwm.o    romdata   0x0042d9    program   0x000000
           .romdata_adc.o    romdata   0x0042d9    program   0x000000
           .romdata_i2c.o    romdata   0x0042d9    program   0x000000
.romdata_simulate_machine.o    romdata   0x0042d9    program   0x000000
           .romdata_lcd.o    romdata   0x0042d9    program   0x000000
         .romdata_timer.o    romdata   0x0042d9    program   0x000000
          .romdata_main.o    romdata   0x0042d9    program   0x000000
      .romdata_fxd0808u.o    romdata   0x0042d9    program   0x000000
     .romdata_interrupt.o    romdata   0x0042d9    program   0x000000
        .romdata_button.o    romdata   0x0042d9    program   0x000000
      .romdata_fxd1616u.o    romdata   0x0042d9    program   0x000000
      .romdata_fxd2424u.o    romdata   0x0042d9    program   0x000000
          .romdata_uart.o    romdata   0x0042d9    program   0x000000
      .romdata_fxd3232u.o    romdata   0x0042d9    program   0x000000
          .idata_uart.o_i    romdata   0x0042d9    program   0x000000
       .romdata_fxm3232.o    romdata   0x0042d9    program   0x000000
        .romdata___init.o    romdata   0x0042d9    program   0x000000
         .romdata_c018i.o    romdata   0x0042d9    program   0x000000
             .code_uart.o       code   0x0042da    program   0x000466
              .code_i2c.o       code   0x004740    program   0x000340
        .code_interrupt.o       code   0x004a80    program   0x0001e2
 .code_simulate_machine.o       code   0x004c62    program   0x000132
                     PROG       code   0x004d94    program   0x000100
               _cinit_scn       code   0x004e94    program   0x00009e
              .code_adc.o       code   0x004f32    program   0x000090
          .code_fxm3232.o       code   0x004fc2    program   0x000070
         .code_fxd3232u.o       code   0x005032    program   0x000048
         .code_fxd2424u.o       code   0x00507a    program   0x00003a
              .code_pwm.o       code   0x0050b4    program   0x000038
         .code_fxd1616u.o       code   0x0050ec    program   0x00002c
                    .code       code   0x005118    program   0x000020
             _startup_scn       code   0x005138    program   0x00001c
         .code_fxd0808u.o       code   0x005154    program   0x00001c
         .idata_timer.o_i    romdata   0x005170    program   0x000020
.idata_simulate_machine.o_i    romdata   0x005190    program   0x000013
          .idata_main.o_i    romdata   0x0051a3    program   0x00008f
           .idata_lcd.o_i    romdata   0x005232    program   0x000061
           .idata_i2c.o_i    romdata   0x005293    program   0x00001b
        .idata_button.o_i    romdata   0x0052ae    program   0x000028
    .config_300001_main.o    romdata   0x300001    program   0x000001
    .config_300002_main.o    romdata   0x300002    program   0x000001
    .config_300003_main.o    romdata   0x300003    program   0x000001
    .config_300005_main.o    romdata   0x300005    program   0x000001
    .config_300006_main.o    romdata   0x300006    program   0x000001
    .config_300008_main.o    romdata   0x300008    program   0x000001
    .config_300009_main.o    romdata   0x300009    program   0x000001
    .config_30000a_main.o    romdata   0x30000a    program   0x000001
    .config_30000b_main.o    romdata   0x30000b    program   0x000001
    .config_30000c_main.o    romdata   0x30000c    program   0x000001
    .config_30000d_main.o    romdata   0x30000d    program   0x000001
                MATH_DATA      udata   0x000000       data   0x000014
                 .tmpdata      udata   0x000014       data   0x00000a
             .idata_lcd.o      idata   0x000080       data   0x000061
             .idata_i2c.o      idata   0x0000e1       data   0x00001b
             .udata_lcd.o      udata   0x0000fc       data   0x000004
            .idata_main.o      idata   0x000100       data   0x00008f
.udata_simulate_machine.o      udata   0x00018f       data   0x000065
           .udata_c018i.o      udata   0x0001f4       data   0x00000a
             .udata_i2c.o      udata   0x0001fe       data   0x000001
             .idata_pwm.o      idata   0x0001ff       data   0x000001
             .udata_adc.o      udata   0x000200       data   0x00001a
.idata_simulate_machine.o      idata   0x00021a       data   0x000013
        .idata_fxd1616u.o      idata   0x00022d       data   0x000000
        .udata_fxd1616u.o      udata   0x00022d       data   0x000000
        .udata_fxd2424u.o      udata   0x00022d       data   0x000000
        .idata_fxd2424u.o      idata   0x00022d       data   0x000000
        .udata_fxd3232u.o      udata   0x00022d       data   0x000000
        .idata_fxd3232u.o      idata   0x00022d       data   0x000000
         .udata_fxm3232.o      udata   0x00022d       data   0x000000
        .idata_fxd0808u.o      idata   0x00022d       data   0x000000
        .udata_fxd0808u.o      udata   0x00022d       data   0x000000
         .idata_fxm3232.o      idata   0x00022d       data   0x000000
          .udata___init.o      udata   0x00022d       data   0x000000
          .idata___init.o      idata   0x00022d       data   0x000000
             .idata_adc.o      idata   0x00022d       data   0x000000
           .udata_timer.o      udata   0x00022d       data   0x000000
       .udata_interrupt.o      udata   0x00022d       data   0x000000
          .udata_button.o      udata   0x00022d       data   0x000000
            .idata_uart.o      idata   0x00022d       data   0x000000
            .udata_uart.o      udata   0x00022d       data   0x000000
           .idata_c018i.o      idata   0x00022d       data   0x000000
                   .stack      udata   0x000e00       data   0x000100
            .udata_main.o      udata   0x000f00       data   0x000033
          .idata_button.o      idata   0x000f33       data   0x000028
           .idata_timer.o      idata   0x000f5b       data   0x000020
       .idata_interrupt.o      idata   0x000f7b       data   0x000004
             .udata_pwm.o      udata   0x000f7f       data   0x000001
            SFR_UNBANKED0      udata   0x000f80       data   0x000080



                              Program Memory Usage 
                               Start         End      
                           ---------   ---------      
                            0x000000    0x000011      
                            0x000018    0x0052d5      
                            0x300001    0x300003      
                            0x300005    0x300006      
                            0x300008    0x30000d      
            21211 out of 66584 program addresses used, program memory utilization is 31%



                              Symbols - Sorted by Name
                     Name    Address   Location    Storage File                     
                ---------  ---------  ---------  --------- ---------                
          AppTrafficLight   0x000f88    program     extern E:\StudyFiles\DoAn_TKLL\Traffic-Light\main.c
                  BCD2Dec   0x004740    program     extern E:\StudyFiles\DoAn_TKLL\Traffic-Light\i2c\i2c.c
              CloseOutput   0x000c7e    program     extern E:\StudyFiles\DoAn_TKLL\Traffic-Light\main.c
                   D1616S   0x004db6    program     static E:\3.46\pic18-lt\cxx-framework\src\traditional\math\fxd1616s.asm
                D1616SNEG   0x004dc4    program     static E:\3.46\pic18-lt\cxx-framework\src\traditional\math\fxd1616s.asm
                 D1616SOK   0x004dc0    program     static E:\3.46\pic18-lt\cxx-framework\src\traditional\math\fxd1616s.asm
                  D1616SX   0x004dd6    program     static E:\3.46\pic18-lt\cxx-framework\src\traditional\math\fxd1616s.asm
                   D2424S   0x004e0a    program     static E:\3.46\pic18-lt\cxx-framework\src\traditional\math\fxd2424s.asm
                D2424SNEG   0x004e18    program     static E:\3.46\pic18-lt\cxx-framework\src\traditional\math\fxd2424s.asm
                 D2424SOK   0x004e14    program     static E:\3.46\pic18-lt\cxx-framework\src\traditional\math\fxd2424s.asm
                  D2424SX   0x004e30    program     static E:\3.46\pic18-lt\cxx-framework\src\traditional\math\fxd2424s.asm
                  DA1616S   0x004da6    program     static E:\3.46\pic18-lt\cxx-framework\src\traditional\math\fxd1616s.asm
                  DA2424S   0x004df6    program     static E:\3.46\pic18-lt\cxx-framework\src\traditional\math\fxd2424s.asm
                  Dec2BCD   0x00477e    program     extern E:\StudyFiles\DoAn_TKLL\Traffic-Light\i2c\i2c.c
       DisplayDataReceive   0x004cf8    program     extern E:\StudyFiles\DoAn_TKLL\PICKITMPLAB\He Thong Nhung - VDK 9\Bai9_TRAFFIC_UART\simulate_machine\simulate_machine.c
         DisplayLcdScreen   0x002c80    program     extern E:\StudyFiles\DoAn_TKLL\Traffic-Light\lcd\lcd.c
        DisplayLcdScreen2   0x002d78    program     extern E:\StudyFiles\DoAn_TKLL\Traffic-Light\lcd\lcd.c
      DisplayLcdScreenOld   0x002dfe    program     extern E:\StudyFiles\DoAn_TKLL\Traffic-Light\lcd\lcd.c
                 FXD0808U   0x005154    program     extern E:\3.46\pic18-lt\cxx-framework\src\traditional\math\fxd0808u.c
                 FXD1616S   0x004d94    program     extern E:\3.46\pic18-lt\cxx-framework\src\traditional\math\fxd1616s.asm
                 FXD1616U   0x0050ec    program     extern E:\3.46\pic18-lt\cxx-framework\src\traditional\math\fxd1616u.c
                 FXD2424S   0x004de0    program     extern E:\3.46\pic18-lt\cxx-framework\src\traditional\math\fxd2424s.asm
                 FXD2424U   0x00507a    program     extern E:\3.46\pic18-lt\cxx-framework\src\traditional\math\fxd2424u.c
                 FXD3232U   0x005032    program     extern E:\3.46\pic18-lt\cxx-framework\src\traditional\math\fxd3232u.c
                 FXM1616S   0x004e3a    program     extern E:\3.46\pic18-lt\cxx-framework\src\traditional\math\fxm1616s.asm
                  FXM3232   0x004fc2    program     extern E:\3.46\pic18-lt\cxx-framework\src\traditional\math\fxm3232.c
      InterruptVectorHigh   0x000008    program     extern E:\StudyFiles\DoAn_TKLL\Traffic-Light\interrupt\interrupt.c
       InterruptVectorLow   0x000018    program     extern E:\StudyFiles\DoAn_TKLL\Traffic-Light\interrupt\interrupt.c
                LcdClearS   0x002c22    program     extern E:\StudyFiles\DoAn_TKLL\Traffic-Light\lcd\lcd.c
            LcdPrintCharS   0x002e68    program     extern E:\StudyFiles\DoAn_TKLL\Traffic-Light\lcd\lcd.c
              LcdPrintNum   0x002b60    program     extern E:\StudyFiles\DoAn_TKLL\Traffic-Light\lcd\lcd.c
             LcdPrintNumS   0x002edc    program     extern E:\StudyFiles\DoAn_TKLL\Traffic-Light\lcd\lcd.c
           LcdPrintString   0x002ba8    program     extern E:\StudyFiles\DoAn_TKLL\Traffic-Light\lcd\lcd.c
          LcdPrintStringS   0x00312a    program     extern E:\StudyFiles\DoAn_TKLL\Traffic-Light\lcd\lcd.c
               OpenOutput   0x000c2e    program     extern E:\StudyFiles\DoAn_TKLL\Traffic-Light\main.c
            ReverseOutput   0x000cce    program     extern E:\StudyFiles\DoAn_TKLL\Traffic-Light\main.c
             SetTimer0_ms   0x003db0    program     extern E:\StudyFiles\DoAn_TKLL\Traffic-Light\timer\timer.c
             SetTimer1_ms   0x003dd4    program     extern E:\StudyFiles\DoAn_TKLL\Traffic-Light\timer\timer.c
             SetTimer3_ms   0x003e12    program     extern E:\StudyFiles\DoAn_TKLL\Traffic-Light\timer\timer.c
         SimulatedataSend   0x004cf6    program     extern E:\StudyFiles\DoAn_TKLL\PICKITMPLAB\He Thong Nhung - VDK 9\Bai9_TRAFFIC_UART\simulate_machine\simulate_machine.c
               TSIGN1616A   0x004e86    program     static E:\3.46\pic18-lt\cxx-framework\src\traditional\math\fxm1616s.asm
               TestOutput   0x000d4a    program     extern E:\StudyFiles\DoAn_TKLL\Traffic-Light\main.c
      UartSendNumToString   0x004428    program     extern E:\StudyFiles\DoAn_TKLL\Traffic-Light\uart\uart.c
           UartSendString   0x0043dc    program     extern E:\StudyFiles\DoAn_TKLL\Traffic-Light\uart\uart.c
       ___return_lbl00000   0x005030    program     static                          
       ___return_lbl00000   0x000004    program     static                          
       ___return_lbl00000   0x005078    program     static                          
       ___return_lbl00000   0x0050b2    program     static                          
       ___return_lbl00000   0x005116    program     static                          
       ___return_lbl00000   0x00516e    program     static                          
       ___return_lbl00001   0x005152    program     static                          
       ___return_lbl00002   0x00001c    program     static                          
       ___return_lbl00002   0x004f30    program     static                          
       ___return_lbl00003   0x00000c    program     static                          
               __config_0   0x300001    program     static E:\StudyFiles\DoAn_TKLL\Traffic-Light\main.c
               __config_1   0x300002    program     static E:\StudyFiles\DoAn_TKLL\Traffic-Light\main.c
              __config_10   0x30000d    program     static E:\StudyFiles\DoAn_TKLL\Traffic-Light\main.c
               __config_2   0x300003    program     static E:\StudyFiles\DoAn_TKLL\Traffic-Light\main.c
               __config_3   0x300005    program     static E:\StudyFiles\DoAn_TKLL\Traffic-Light\main.c
               __config_4   0x300006    program     static E:\StudyFiles\DoAn_TKLL\Traffic-Light\main.c
               __config_5   0x300008    program     static E:\StudyFiles\DoAn_TKLL\Traffic-Light\main.c
               __config_6   0x300009    program     static E:\StudyFiles\DoAn_TKLL\Traffic-Light\main.c
               __config_7   0x30000a    program     static E:\StudyFiles\DoAn_TKLL\Traffic-Light\main.c
               __config_8   0x30000b    program     static E:\StudyFiles\DoAn_TKLL\Traffic-Light\main.c
               __config_9   0x30000c    program     static E:\StudyFiles\DoAn_TKLL\Traffic-Light\main.c
                   __init   0x000006    program     extern E:\3.46\pic18-lt\cxx-framework\src\traditional\stdclib\__init.c
               __string_0   0x0042c8    program     static E:\StudyFiles\DoAn_TKLL\PICKITMPLAB\He Thong Nhung - VDK 9\Bai9_TRAFFIC_UART\simulate_machine\simulate_machine.c
               __string_0   0x0042c3    program     static E:\StudyFiles\DoAn_TKLL\Traffic-Light\main.c
               __string_1   0x0042ba    program     static E:\StudyFiles\DoAn_TKLL\Traffic-Light\main.c
              __string_10   0x0041dc    program     static E:\StudyFiles\DoAn_TKLL\Traffic-Light\main.c
              __string_11   0x0041cc    program     static E:\StudyFiles\DoAn_TKLL\Traffic-Light\main.c
              __string_12   0x0041bc    program     static E:\StudyFiles\DoAn_TKLL\Traffic-Light\main.c
              __string_13   0x00419b    program     static E:\StudyFiles\DoAn_TKLL\Traffic-Light\main.c
              __string_14   0x004179    program     static E:\StudyFiles\DoAn_TKLL\Traffic-Light\main.c
              __string_15   0x004156    program     static E:\StudyFiles\DoAn_TKLL\Traffic-Light\main.c
              __string_16   0x00412a    program     static E:\StudyFiles\DoAn_TKLL\Traffic-Light\main.c
              __string_17   0x0040ff    program     static E:\StudyFiles\DoAn_TKLL\Traffic-Light\main.c
              __string_18   0x0040e5    program     static E:\StudyFiles\DoAn_TKLL\Traffic-Light\main.c
              __string_19   0x0040e3    program     static E:\StudyFiles\DoAn_TKLL\Traffic-Light\main.c
               __string_2   0x0042b3    program     static E:\StudyFiles\DoAn_TKLL\Traffic-Light\main.c
              __string_20   0x0040d2    program     static E:\StudyFiles\DoAn_TKLL\Traffic-Light\main.c
              __string_21   0x0040b8    program     static E:\StudyFiles\DoAn_TKLL\Traffic-Light\main.c
              __string_22   0x00409d    program     static E:\StudyFiles\DoAn_TKLL\Traffic-Light\main.c
              __string_23   0x004096    program     static E:\StudyFiles\DoAn_TKLL\Traffic-Light\main.c
              __string_24   0x00408f    program     static E:\StudyFiles\DoAn_TKLL\Traffic-Light\main.c
              __string_25   0x004081    program     static E:\StudyFiles\DoAn_TKLL\Traffic-Light\main.c
              __string_26   0x00407e    program     static E:\StudyFiles\DoAn_TKLL\Traffic-Light\main.c
              __string_27   0x00406e    program     static E:\StudyFiles\DoAn_TKLL\Traffic-Light\main.c
              __string_28   0x004067    program     static E:\StudyFiles\DoAn_TKLL\Traffic-Light\main.c
              __string_29   0x004056    program     static E:\StudyFiles\DoAn_TKLL\Traffic-Light\main.c
               __string_3   0x0042ab    program     static E:\StudyFiles\DoAn_TKLL\Traffic-Light\main.c
              __string_30   0x004050    program     static E:\StudyFiles\DoAn_TKLL\Traffic-Light\main.c
              __string_31   0x00404c    program     static E:\StudyFiles\DoAn_TKLL\Traffic-Light\main.c
              __string_32   0x00403c    program     static E:\StudyFiles\DoAn_TKLL\Traffic-Light\main.c
              __string_33   0x00402e    program     static E:\StudyFiles\DoAn_TKLL\Traffic-Light\main.c
              __string_34   0x00401d    program     static E:\StudyFiles\DoAn_TKLL\Traffic-Light\main.c
              __string_35   0x00400d    program     static E:\StudyFiles\DoAn_TKLL\Traffic-Light\main.c
              __string_36   0x004007    program     static E:\StudyFiles\DoAn_TKLL\Traffic-Light\main.c
              __string_37   0x003fd2    program     static E:\StudyFiles\DoAn_TKLL\Traffic-Light\main.c
              __string_38   0x003fd0    program     static E:\StudyFiles\DoAn_TKLL\Traffic-Light\main.c
              __string_39   0x003f9d    program     static E:\StudyFiles\DoAn_TKLL\Traffic-Light\main.c
               __string_4   0x004285    program     static E:\StudyFiles\DoAn_TKLL\Traffic-Light\main.c
              __string_40   0x003f78    program     static E:\StudyFiles\DoAn_TKLL\Traffic-Light\main.c
              __string_41   0x003f6c    program     static E:\StudyFiles\DoAn_TKLL\Traffic-Light\main.c
              __string_42   0x003f5d    program     static E:\StudyFiles\DoAn_TKLL\Traffic-Light\main.c
              __string_43   0x003f55    program     static E:\StudyFiles\DoAn_TKLL\Traffic-Light\main.c
              __string_44   0x003f21    program     static E:\StudyFiles\DoAn_TKLL\Traffic-Light\main.c
              __string_45   0x003f1e    program     static E:\StudyFiles\DoAn_TKLL\Traffic-Light\main.c
              __string_46   0x003eec    program     static E:\StudyFiles\DoAn_TKLL\Traffic-Light\main.c
              __string_47   0x003ec8    program     static E:\StudyFiles\DoAn_TKLL\Traffic-Light\main.c
              __string_48   0x003eb2    program     static E:\StudyFiles\DoAn_TKLL\Traffic-Light\main.c
              __string_49   0x003e9a    program     static E:\StudyFiles\DoAn_TKLL\Traffic-Light\main.c
               __string_5   0x00425d    program     static E:\StudyFiles\DoAn_TKLL\Traffic-Light\main.c
              __string_50   0x003e8c    program     static E:\StudyFiles\DoAn_TKLL\Traffic-Light\main.c
              __string_51   0x003e7c    program     static E:\StudyFiles\DoAn_TKLL\Traffic-Light\main.c
              __string_52   0x003e6b    program     static E:\StudyFiles\DoAn_TKLL\Traffic-Light\main.c
              __string_53   0x003e5f    program     static E:\StudyFiles\DoAn_TKLL\Traffic-Light\main.c
              __string_54   0x003e50    program     static E:\StudyFiles\DoAn_TKLL\Traffic-Light\main.c
               __string_6   0x00423b    program     static E:\StudyFiles\DoAn_TKLL\Traffic-Light\main.c
               __string_7   0x004228    program     static E:\StudyFiles\DoAn_TKLL\Traffic-Light\main.c
               __string_8   0x004216    program     static E:\StudyFiles\DoAn_TKLL\Traffic-Light\main.c
               __string_9   0x004204    program     static E:\StudyFiles\DoAn_TKLL\Traffic-Light\main.c
              __tmplbl_48   0x00222e    program     static                          
              __tmplbl_49   0x00209e    program     static                          
              __tmplbl_50   0x001f36    program     static                          
              __tmplbl_51   0x001e5a    program     static                          
              __tmplbl_52   0x001d6e    program     static                          
              __tmplbl_53   0x001a7a    program     static                          
              __tmplbl_54   0x0018f2    program     static                          
              __tmplbl_58   0x00233e    program     static                          
              __tmplbl_59   0x001ad6    program     static                          
              __tmplbl_60   0x001ad6    program     static                          
              __tmplbl_67   0x00233e    program     static                          
              __tmplbl_68   0x002094    program     static                          
              __tmplbl_75   0x00233e    program     static                          
              __tmplbl_76   0x002094    program     static                          
              __tmplbl_83   0x00233e    program     static                          
              __tmplbl_84   0x002094    program     static                          
              __tmplbl_91   0x00233e    program     static                          
              __tmplbl_94   0x00233e    program     static                          
            __zero_memory   0x005118    program     extern E:\3.46\pic18-lt\cxx-framework\src\traditional\proc\p18f4620.asm
                _do_cinit   0x004e94    program     extern E:\3.46\pic18-lt\cxx-framework\src\traditional\startup\c018i.c
                   _entry   0x000000    program     extern E:\3.46\pic18-lt\cxx-framework\src\traditional\startup\c018i.c
                   _false   0x005074    program     static                          
                   _false   0x0050ae    program     static                          
                 _startup   0x005138    program     extern E:\3.46\pic18-lt\cxx-framework\src\traditional\startup\c018i.c
          button_delay_ms   0x0036d2    program     extern E:\StudyFiles\DoAn_TKLL\Traffic-Light\button_matrix\button.c
                 clearLCD   0x000df8    program     extern E:\StudyFiles\DoAn_TKLL\Traffic-Light\main.c
            clearOldInput   0x000f7c    program     extern E:\StudyFiles\DoAn_TKLL\Traffic-Light\main.c
        clock_signal_seg1   0x000944    program     extern E:\StudyFiles\DoAn_TKLL\Traffic-Light\main.c
        clock_signal_seg2   0x000a9a    program     extern E:\StudyFiles\DoAn_TKLL\Traffic-Light\main.c
                compare_l   0x00512e    program     static E:\3.46\pic18-lt\cxx-framework\src\traditional\proc\p18f4620.asm
                copy_loop   0x004f06    program     static                          
            copy_one_byte   0x004f0c    program     static                          
                 delay_ms   0x000846    program     extern E:\StudyFiles\DoAn_TKLL\Traffic-Light\main.c
              displayMenu   0x00076c    program     extern E:\StudyFiles\DoAn_TKLL\Traffic-Light\main.c
        display_seven_seg   0x000bcc    program     extern E:\StudyFiles\DoAn_TKLL\Traffic-Light\main.c
                     done   0x004f30    program     static                          
             done_copying   0x004f1a    program     static                          
           ds1307_control   0x0047ec    program     extern E:\StudyFiles\DoAn_TKLL\Traffic-Light\i2c\i2c.c
           eeprom_control   0x00480a    program     extern E:\StudyFiles\DoAn_TKLL\Traffic-Light\i2c\i2c.c
                  endloop   0x00516a    program     static                          
                  endloop   0x005112    program     static                          
            get_adc_value   0x004f44    program     extern E:\StudyFiles\DoAn_TKLL\Traffic-Light\adc\adc.c
                 high_isr   0x004b8c    program     extern E:\StudyFiles\DoAn_TKLL\Traffic-Light\interrupt\interrupt.c
                  i2c_ack   0x004864    program     extern E:\StudyFiles\DoAn_TKLL\Traffic-Light\i2c\i2c.c
                  i2c_nak   0x004870    program     extern E:\StudyFiles\DoAn_TKLL\Traffic-Light\i2c\i2c.c
                 i2c_read   0x004858    program     extern E:\StudyFiles\DoAn_TKLL\Traffic-Light\i2c\i2c.c
                i2c_start   0x004828    program     extern E:\StudyFiles\DoAn_TKLL\Traffic-Light\i2c\i2c.c
                 i2c_stop   0x004832    program     extern E:\StudyFiles\DoAn_TKLL\Traffic-Light\i2c\i2c.c
                i2c_write   0x00483c    program     extern E:\StudyFiles\DoAn_TKLL\Traffic-Light\i2c\i2c.c
                 init_adc   0x004f32    program     extern E:\StudyFiles\DoAn_TKLL\Traffic-Light\adc\adc.c
            init_ext_int0   0x004a88    program     extern E:\StudyFiles\DoAn_TKLL\Traffic-Light\interrupt\interrupt.c
                 init_i2c   0x0047d4    program     extern E:\StudyFiles\DoAn_TKLL\Traffic-Light\i2c\i2c.c
           init_interrupt   0x004a80    program     extern E:\StudyFiles\DoAn_TKLL\Traffic-Light\interrupt\interrupt.c
          init_key_matrix   0x003180    program     extern E:\StudyFiles\DoAn_TKLL\Traffic-Light\button_matrix\button.c
init_key_matrix_new_board   0x003920    program     extern E:\StudyFiles\DoAn_TKLL\Traffic-Light\button_matrix\button.c
init_key_matrix_with_uart_i2c   0x003188    program     extern E:\StudyFiles\DoAn_TKLL\Traffic-Light\button_matrix\button.c
              init_output   0x0008ce    program     extern E:\StudyFiles\DoAn_TKLL\Traffic-Light\main.c
                 init_pwm   0x0050b4    program     extern E:\StudyFiles\DoAn_TKLL\Traffic-Light\pwm\pwm.c
           init_seven_seg   0x00093c    program     extern E:\StudyFiles\DoAn_TKLL\Traffic-Light\main.c
              init_system   0x0008d4    program     extern E:\StudyFiles\DoAn_TKLL\Traffic-Light\main.c
              init_timer0   0x003934    program     extern E:\StudyFiles\DoAn_TKLL\Traffic-Light\timer\timer.c
              init_timer1   0x003a78    program     extern E:\StudyFiles\DoAn_TKLL\Traffic-Light\timer\timer.c
              init_timer2   0x003bc2    program     extern E:\StudyFiles\DoAn_TKLL\Traffic-Light\timer\timer.c
              init_timer3   0x003bfa    program     extern E:\StudyFiles\DoAn_TKLL\Traffic-Light\timer\timer.c
                init_uart   0x0042da    program     extern E:\StudyFiles\DoAn_TKLL\Traffic-Light\uart\uart.c
         isButton1Pressed   0x000dc8    program     extern E:\StudyFiles\DoAn_TKLL\Traffic-Light\main.c
         isButton2Pressed   0x000dd8    program     extern E:\StudyFiles\DoAn_TKLL\Traffic-Light\main.c
         isButton3Pressed   0x000de8    program     extern E:\StudyFiles\DoAn_TKLL\Traffic-Light\main.c
    isNumberButtonPressed   0x000e72    program     extern E:\StudyFiles\DoAn_TKLL\Traffic-Light\main.c
        latch_enable_seg1   0x00095e    program     extern E:\StudyFiles\DoAn_TKLL\Traffic-Light\main.c
        latch_enable_seg2   0x000aa2    program     extern E:\StudyFiles\DoAn_TKLL\Traffic-Light\main.c
                lcd_clear   0x002834    program     extern E:\StudyFiles\DoAn_TKLL\Traffic-Light\lcd\lcd.c
                lcd_delay   0x002340    program     extern E:\StudyFiles\DoAn_TKLL\Traffic-Light\lcd\lcd.c
                 lcd_init   0x0024e0    program     extern E:\StudyFiles\DoAn_TKLL\Traffic-Light\lcd\lcd.c
             lcd_power_of   0x002848    program     extern E:\StudyFiles\DoAn_TKLL\Traffic-Light\lcd\lcd.c
           lcd_print_char   0x0027a0    program     extern E:\StudyFiles\DoAn_TKLL\Traffic-Light\lcd\lcd.c
          lcd_print_charS   0x002bdc    program     extern E:\StudyFiles\DoAn_TKLL\Traffic-Light\lcd\lcd.c
            lcd_print_num   0x00292a    program     extern E:\StudyFiles\DoAn_TKLL\Traffic-Light\lcd\lcd.c
            lcd_print_str   0x0027ba    program     extern E:\StudyFiles\DoAn_TKLL\Traffic-Light\lcd\lcd.c
              lcd_putchar   0x002786    program     extern E:\StudyFiles\DoAn_TKLL\Traffic-Light\lcd\lcd.c
          lcd_read_status   0x0025f0    program     extern E:\StudyFiles\DoAn_TKLL\Traffic-Light\lcd\lcd.c
          lcd_sendCommand   0x002460    program     extern E:\StudyFiles\DoAn_TKLL\Traffic-Light\lcd\lcd.c
           lcd_set_cursor   0x0027fa    program     extern E:\StudyFiles\DoAn_TKLL\Traffic-Light\lcd\lcd.c
            lcd_wait_busy   0x0026a6    program     extern E:\StudyFiles\DoAn_TKLL\Traffic-Light\lcd\lcd.c
          lcd_write_4bits   0x0026c6    program     extern E:\StudyFiles\DoAn_TKLL\Traffic-Light\lcd\lcd.c
            lcd_write_cmd   0x00270c    program     extern E:\StudyFiles\DoAn_TKLL\Traffic-Light\lcd\lcd.c
           lcd_write_data   0x002748    program     extern E:\StudyFiles\DoAn_TKLL\Traffic-Light\lcd\lcd.c
                     loop   0x0050f6    program     static                          
                     loop   0x00515c    program     static                          
                     loop   0x005086    program     static                          
                     loop   0x005040    program     static                          
                     loop   0x005148    program     static                          
                   loop_h   0x005126    program     static E:\3.46\pic18-lt\cxx-framework\src\traditional\proc\p18f4620.asm
                   loop_l   0x005130    program     static E:\3.46\pic18-lt\cxx-framework\src\traditional\proc\p18f4620.asm
                  low_isr   0x004a90    program     extern E:\StudyFiles\DoAn_TKLL\Traffic-Light\interrupt\interrupt.c
                     main   0x00069c    program     extern E:\StudyFiles\DoAn_TKLL\Traffic-Light\main.c
              read_ds1307   0x004974    program     extern E:\StudyFiles\DoAn_TKLL\Traffic-Light\i2c\i2c.c
              read_eeprom   0x0049ea    program     extern E:\StudyFiles\DoAn_TKLL\Traffic-Light\i2c\i2c.c
          scan_key_matrix   0x003198    program     extern E:\StudyFiles\DoAn_TKLL\Traffic-Light\button_matrix\button.c
   scan_key_matrix_1_line   0x003456    program     extern E:\StudyFiles\DoAn_TKLL\Traffic-Light\button_matrix\button.c
     scan_key_matrix_demo   0x00375a    program     extern E:\StudyFiles\DoAn_TKLL\Traffic-Light\button_matrix\button.c
scan_key_matrix_new_board   0x003880    program     extern E:\StudyFiles\DoAn_TKLL\Traffic-Light\button_matrix\button.c
scan_key_matrix_with_uart   0x0032f6    program     extern E:\StudyFiles\DoAn_TKLL\Traffic-Light\button_matrix\button.c
scan_key_matrix_with_uart_i2c   0x00358a    program     extern E:\StudyFiles\DoAn_TKLL\Traffic-Light\button_matrix\button.c
           send_byte_seg1   0x000978    program     extern E:\StudyFiles\DoAn_TKLL\Traffic-Light\main.c
           send_byte_seg2   0x000aaa    program     extern E:\StudyFiles\DoAn_TKLL\Traffic-Light\main.c
           send_data_seg1   0x0009f8    program     extern E:\StudyFiles\DoAn_TKLL\Traffic-Light\main.c
           send_data_seg2   0x000b2a    program     extern E:\StudyFiles\DoAn_TKLL\Traffic-Light\main.c
             setTimeValue   0x000eee    program     extern E:\StudyFiles\DoAn_TKLL\Traffic-Light\main.c
             set_DC_speed   0x0050d6    program     extern E:\StudyFiles\DoAn_TKLL\Traffic-Light\pwm\pwm.c
             start_timer0   0x0039ec    program     extern E:\StudyFiles\DoAn_TKLL\Traffic-Light\timer\timer.c
             start_timer1   0x003b32    program     extern E:\StudyFiles\DoAn_TKLL\Traffic-Light\timer\timer.c
             start_timer2   0x003bee    program     extern E:\StudyFiles\DoAn_TKLL\Traffic-Light\timer\timer.c
             start_timer3   0x003cb0    program     extern E:\StudyFiles\DoAn_TKLL\Traffic-Light\timer\timer.c
              stop_timer0   0x0039e8    program     extern E:\StudyFiles\DoAn_TKLL\Traffic-Light\timer\timer.c
              stop_timer1   0x003bbe    program     extern E:\StudyFiles\DoAn_TKLL\Traffic-Light\timer\timer.c
              stop_timer2   0x003bf6    program     extern E:\StudyFiles\DoAn_TKLL\Traffic-Light\timer\timer.c
              stop_timer3   0x003d3c    program     extern E:\StudyFiles\DoAn_TKLL\Traffic-Light\timer\timer.c
                     test   0x004eae    program     static                          
                 test_key   0x0006d0    program     extern E:\StudyFiles\DoAn_TKLL\Traffic-Light\main.c
               timer0_isr   0x003d40    program     extern E:\StudyFiles\DoAn_TKLL\Traffic-Light\timer\timer.c
               timer1_isr   0x003d5c    program     extern E:\StudyFiles\DoAn_TKLL\Traffic-Light\timer\timer.c
               timer2_isr   0x003d78    program     extern E:\StudyFiles\DoAn_TKLL\Traffic-Light\timer\timer.c
               timer3_isr   0x003d94    program     extern E:\StudyFiles\DoAn_TKLL\Traffic-Light\timer\timer.c
            uart_delay_ms   0x0042f8    program     extern E:\StudyFiles\DoAn_TKLL\Traffic-Light\uart\uart.c
                 uart_isr   0x000080    program     extern E:\StudyFiles\DoAn_TKLL\Traffic-Light\main.c
uart_isr_simulate_machine   0x004c62    program     extern E:\StudyFiles\DoAn_TKLL\PICKITMPLAB\He Thong Nhung - VDK 9\Bai9_TRAFFIC_UART\simulate_machine\simulate_machine.c
            uart_power_of   0x00465e    program     extern E:\StudyFiles\DoAn_TKLL\Traffic-Light\uart\uart.c
             uart_putchar   0x004380    program     extern E:\StudyFiles\DoAn_TKLL\Traffic-Light\uart\uart.c
            uart_send_str   0x00439c    program     extern E:\StudyFiles\DoAn_TKLL\Traffic-Light\uart\uart.c
                 v_timer0   0x0023d0    program     extern E:\StudyFiles\DoAn_TKLL\Traffic-Light\lcd\lcd.c
             write_ds1307   0x00487c    program     extern E:\StudyFiles\DoAn_TKLL\Traffic-Light\i2c\i2c.c
             write_eeprom   0x0048e6    program     extern E:\StudyFiles\DoAn_TKLL\Traffic-Light\i2c\i2c.c
               zero_block   0x005126    program     static E:\3.46\pic18-lt\cxx-framework\src\traditional\proc\p18f4620.asm
                   ADCON0   0x000fc2       data     extern E:\3.46\pic18-lt\cxx-framework\src\traditional\proc\p18f4620.asm
               ADCON0bits   0x000fc2       data     extern E:\3.46\pic18-lt\cxx-framework\src\traditional\proc\p18f4620.asm
                   ADCON1   0x000fc1       data     extern E:\3.46\pic18-lt\cxx-framework\src\traditional\proc\p18f4620.asm
               ADCON1bits   0x000fc1       data     extern E:\3.46\pic18-lt\cxx-framework\src\traditional\proc\p18f4620.asm
                   ADCON2   0x000fc0       data     extern E:\3.46\pic18-lt\cxx-framework\src\traditional\proc\p18f4620.asm
               ADCON2bits   0x000fc0       data     extern E:\3.46\pic18-lt\cxx-framework\src\traditional\proc\p18f4620.asm
                    ADRES   0x000fc3       data     extern E:\3.46\pic18-lt\cxx-framework\src\traditional\proc\p18f4620.asm
                   ADRESH   0x000fc4       data     extern E:\3.46\pic18-lt\cxx-framework\src\traditional\proc\p18f4620.asm
                   ADRESL   0x000fc3       data     extern E:\3.46\pic18-lt\cxx-framework\src\traditional\proc\p18f4620.asm
                  BAUDCON   0x000fb8       data     extern E:\3.46\pic18-lt\cxx-framework\src\traditional\proc\p18f4620.asm
              BAUDCONbits   0x000fb8       data     extern E:\3.46\pic18-lt\cxx-framework\src\traditional\proc\p18f4620.asm
                  BAUDCTL   0x000fb8       data     extern E:\3.46\pic18-lt\cxx-framework\src\traditional\proc\p18f4620.asm
              BAUDCTLbits   0x000fb8       data     extern E:\3.46\pic18-lt\cxx-framework\src\traditional\proc\p18f4620.asm
                      BSR   0x000fe0       data     extern E:\3.46\pic18-lt\cxx-framework\src\traditional\proc\p18f4620.asm
                  CCP1CON   0x000fbd       data     extern E:\3.46\pic18-lt\cxx-framework\src\traditional\proc\p18f4620.asm
              CCP1CONbits   0x000fbd       data     extern E:\3.46\pic18-lt\cxx-framework\src\traditional\proc\p18f4620.asm
                  CCP2CON   0x000fba       data     extern E:\3.46\pic18-lt\cxx-framework\src\traditional\proc\p18f4620.asm
              CCP2CONbits   0x000fba       data     extern E:\3.46\pic18-lt\cxx-framework\src\traditional\proc\p18f4620.asm
                    CCPR1   0x000fbe       data     extern E:\3.46\pic18-lt\cxx-framework\src\traditional\proc\p18f4620.asm
                   CCPR1H   0x000fbf       data     extern E:\3.46\pic18-lt\cxx-framework\src\traditional\proc\p18f4620.asm
                   CCPR1L   0x000fbe       data     extern E:\3.46\pic18-lt\cxx-framework\src\traditional\proc\p18f4620.asm
                    CCPR2   0x000fbb       data     extern E:\3.46\pic18-lt\cxx-framework\src\traditional\proc\p18f4620.asm
                   CCPR2H   0x000fbc       data     extern E:\3.46\pic18-lt\cxx-framework\src\traditional\proc\p18f4620.asm
                   CCPR2L   0x000fbb       data     extern E:\3.46\pic18-lt\cxx-framework\src\traditional\proc\p18f4620.asm
                    CMCON   0x000fb4       data     extern E:\3.46\pic18-lt\cxx-framework\src\traditional\proc\p18f4620.asm
                CMCONbits   0x000fb4       data     extern E:\3.46\pic18-lt\cxx-framework\src\traditional\proc\p18f4620.asm
                COD_value   0x000227       data     extern E:\StudyFiles\DoAn_TKLL\PICKITMPLAB\He Thong Nhung - VDK 9\Bai9_TRAFFIC_UART\simulate_machine\simulate_machine.c
                   CVRCON   0x000fb5       data     extern E:\3.46\pic18-lt\cxx-framework\src\traditional\proc\p18f4620.asm
               CVRCONbits   0x000fb5       data     extern E:\3.46\pic18-lt\cxx-framework\src\traditional\proc\p18f4620.asm
                     DDRA   0x000f92       data     extern E:\3.46\pic18-lt\cxx-framework\src\traditional\proc\p18f4620.asm
                 DDRAbits   0x000f92       data     extern E:\3.46\pic18-lt\cxx-framework\src\traditional\proc\p18f4620.asm
                     DDRB   0x000f93       data     extern E:\3.46\pic18-lt\cxx-framework\src\traditional\proc\p18f4620.asm
                 DDRBbits   0x000f93       data     extern E:\3.46\pic18-lt\cxx-framework\src\traditional\proc\p18f4620.asm
                     DDRC   0x000f94       data     extern E:\3.46\pic18-lt\cxx-framework\src\traditional\proc\p18f4620.asm
                 DDRCbits   0x000f94       data     extern E:\3.46\pic18-lt\cxx-framework\src\traditional\proc\p18f4620.asm
                     DDRD   0x000f95       data     extern E:\3.46\pic18-lt\cxx-framework\src\traditional\proc\p18f4620.asm
                 DDRDbits   0x000f95       data     extern E:\3.46\pic18-lt\cxx-framework\src\traditional\proc\p18f4620.asm
                     DDRE   0x000f96       data     extern E:\3.46\pic18-lt\cxx-framework\src\traditional\proc\p18f4620.asm
                 DDREbits   0x000f96       data     extern E:\3.46\pic18-lt\cxx-framework\src\traditional\proc\p18f4620.asm
                  ECCP1AS   0x000fb6       data     extern E:\3.46\pic18-lt\cxx-framework\src\traditional\proc\p18f4620.asm
              ECCP1ASbits   0x000fb6       data     extern E:\3.46\pic18-lt\cxx-framework\src\traditional\proc\p18f4620.asm
                    EEADR   0x000fa9       data     extern E:\3.46\pic18-lt\cxx-framework\src\traditional\proc\p18f4620.asm
                   EEADRH   0x000faa       data     extern E:\3.46\pic18-lt\cxx-framework\src\traditional\proc\p18f4620.asm
                   EECON1   0x000fa6       data     extern E:\3.46\pic18-lt\cxx-framework\src\traditional\proc\p18f4620.asm
               EECON1bits   0x000fa6       data     extern E:\3.46\pic18-lt\cxx-framework\src\traditional\proc\p18f4620.asm
                   EECON2   0x000fa7       data     extern E:\3.46\pic18-lt\cxx-framework\src\traditional\proc\p18f4620.asm
                   EEDATA   0x000fa8       data     extern E:\3.46\pic18-lt\cxx-framework\src\traditional\proc\p18f4620.asm
               FLOW_value   0x000226       data     extern E:\StudyFiles\DoAn_TKLL\PICKITMPLAB\He Thong Nhung - VDK 9\Bai9_TRAFFIC_UART\simulate_machine\simulate_machine.c
                     FSR0   0x000fe9       data     extern E:\3.46\pic18-lt\cxx-framework\src\traditional\proc\p18f4620.asm
                    FSR0H   0x000fea       data     extern E:\3.46\pic18-lt\cxx-framework\src\traditional\proc\p18f4620.asm
                    FSR0L   0x000fe9       data     extern E:\3.46\pic18-lt\cxx-framework\src\traditional\proc\p18f4620.asm
                     FSR1   0x000fe1       data     extern E:\3.46\pic18-lt\cxx-framework\src\traditional\proc\p18f4620.asm
                    FSR1H   0x000fe2       data     extern E:\3.46\pic18-lt\cxx-framework\src\traditional\proc\p18f4620.asm
                    FSR1L   0x000fe1       data     extern E:\3.46\pic18-lt\cxx-framework\src\traditional\proc\p18f4620.asm
                     FSR2   0x000fd9       data     extern E:\3.46\pic18-lt\cxx-framework\src\traditional\proc\p18f4620.asm
                    FSR2H   0x000fda       data     extern E:\3.46\pic18-lt\cxx-framework\src\traditional\proc\p18f4620.asm
                    FSR2L   0x000fd9       data     extern E:\3.46\pic18-lt\cxx-framework\src\traditional\proc\p18f4620.asm
                  HLVDCON   0x000fd2       data     extern E:\3.46\pic18-lt\cxx-framework\src\traditional\proc\p18f4620.asm
              HLVDCONbits   0x000fd2       data     extern E:\3.46\pic18-lt\cxx-framework\src\traditional\proc\p18f4620.asm
                    INDF0   0x000fef       data     extern E:\3.46\pic18-lt\cxx-framework\src\traditional\proc\p18f4620.asm
                    INDF1   0x000fe7       data     extern E:\3.46\pic18-lt\cxx-framework\src\traditional\proc\p18f4620.asm
                    INDF2   0x000fdf       data     extern E:\3.46\pic18-lt\cxx-framework\src\traditional\proc\p18f4620.asm
                   INTCON   0x000ff2       data     extern E:\3.46\pic18-lt\cxx-framework\src\traditional\proc\p18f4620.asm
                  INTCON2   0x000ff1       data     extern E:\3.46\pic18-lt\cxx-framework\src\traditional\proc\p18f4620.asm
              INTCON2bits   0x000ff1       data     extern E:\3.46\pic18-lt\cxx-framework\src\traditional\proc\p18f4620.asm
                  INTCON3   0x000ff0       data     extern E:\3.46\pic18-lt\cxx-framework\src\traditional\proc\p18f4620.asm
              INTCON3bits   0x000ff0       data     extern E:\3.46\pic18-lt\cxx-framework\src\traditional\proc\p18f4620.asm
               INTCONbits   0x000ff2       data     extern E:\3.46\pic18-lt\cxx-framework\src\traditional\proc\p18f4620.asm
                     IPR1   0x000f9f       data     extern E:\3.46\pic18-lt\cxx-framework\src\traditional\proc\p18f4620.asm
                 IPR1bits   0x000f9f       data     extern E:\3.46\pic18-lt\cxx-framework\src\traditional\proc\p18f4620.asm
                     IPR2   0x000fa2       data     extern E:\3.46\pic18-lt\cxx-framework\src\traditional\proc\p18f4620.asm
                 IPR2bits   0x000fa2       data     extern E:\3.46\pic18-lt\cxx-framework\src\traditional\proc\p18f4620.asm
                     LATA   0x000f89       data     extern E:\3.46\pic18-lt\cxx-framework\src\traditional\proc\p18f4620.asm
                 LATAbits   0x000f89       data     extern E:\3.46\pic18-lt\cxx-framework\src\traditional\proc\p18f4620.asm
                     LATB   0x000f8a       data     extern E:\3.46\pic18-lt\cxx-framework\src\traditional\proc\p18f4620.asm
                 LATBbits   0x000f8a       data     extern E:\3.46\pic18-lt\cxx-framework\src\traditional\proc\p18f4620.asm
                     LATC   0x000f8b       data     extern E:\3.46\pic18-lt\cxx-framework\src\traditional\proc\p18f4620.asm
                 LATCbits   0x000f8b       data     extern E:\3.46\pic18-lt\cxx-framework\src\traditional\proc\p18f4620.asm
                     LATD   0x000f8c       data     extern E:\3.46\pic18-lt\cxx-framework\src\traditional\proc\p18f4620.asm
                 LATDbits   0x000f8c       data     extern E:\3.46\pic18-lt\cxx-framework\src\traditional\proc\p18f4620.asm
                     LATE   0x000f8d       data     extern E:\3.46\pic18-lt\cxx-framework\src\traditional\proc\p18f4620.asm
                 LATEbits   0x000f8d       data     extern E:\3.46\pic18-lt\cxx-framework\src\traditional\proc\p18f4620.asm
                   LVDCON   0x000fd2       data     extern E:\3.46\pic18-lt\cxx-framework\src\traditional\proc\p18f4620.asm
               LVDCONbits   0x000fd2       data     extern E:\3.46\pic18-lt\cxx-framework\src\traditional\proc\p18f4620.asm
                LcdScreen   0x0000c1       data     extern E:\StudyFiles\DoAn_TKLL\Traffic-Light\lcd\lcd.c
                NH4_value   0x00022a       data     extern E:\StudyFiles\DoAn_TKLL\PICKITMPLAB\He Thong Nhung - VDK 9\Bai9_TRAFFIC_UART\simulate_machine\simulate_machine.c
                NO3_value   0x000229       data     extern E:\StudyFiles\DoAn_TKLL\PICKITMPLAB\He Thong Nhung - VDK 9\Bai9_TRAFFIC_UART\simulate_machine\simulate_machine.c
                   OSCCON   0x000fd3       data     extern E:\3.46\pic18-lt\cxx-framework\src\traditional\proc\p18f4620.asm
               OSCCONbits   0x000fd3       data     extern E:\3.46\pic18-lt\cxx-framework\src\traditional\proc\p18f4620.asm
                  OSCTUNE   0x000f9b       data     extern E:\3.46\pic18-lt\cxx-framework\src\traditional\proc\p18f4620.asm
              OSCTUNEbits   0x000f9b       data     extern E:\3.46\pic18-lt\cxx-framework\src\traditional\proc\p18f4620.asm
                       PC   0x000ff9       data     extern E:\3.46\pic18-lt\cxx-framework\src\traditional\proc\p18f4620.asm
                      PCL   0x000ff9       data     extern E:\3.46\pic18-lt\cxx-framework\src\traditional\proc\p18f4620.asm
                   PCLATH   0x000ffa       data     extern E:\3.46\pic18-lt\cxx-framework\src\traditional\proc\p18f4620.asm
                   PCLATU   0x000ffb       data     extern E:\3.46\pic18-lt\cxx-framework\src\traditional\proc\p18f4620.asm
                     PIE1   0x000f9d       data     extern E:\3.46\pic18-lt\cxx-framework\src\traditional\proc\p18f4620.asm
                 PIE1bits   0x000f9d       data     extern E:\3.46\pic18-lt\cxx-framework\src\traditional\proc\p18f4620.asm
                     PIE2   0x000fa0       data     extern E:\3.46\pic18-lt\cxx-framework\src\traditional\proc\p18f4620.asm
                 PIE2bits   0x000fa0       data     extern E:\3.46\pic18-lt\cxx-framework\src\traditional\proc\p18f4620.asm
                     PIR1   0x000f9e       data     extern E:\3.46\pic18-lt\cxx-framework\src\traditional\proc\p18f4620.asm
                 PIR1bits   0x000f9e       data     extern E:\3.46\pic18-lt\cxx-framework\src\traditional\proc\p18f4620.asm
                     PIR2   0x000fa1       data     extern E:\3.46\pic18-lt\cxx-framework\src\traditional\proc\p18f4620.asm
                 PIR2bits   0x000fa1       data     extern E:\3.46\pic18-lt\cxx-framework\src\traditional\proc\p18f4620.asm
                   PLUSW0   0x000feb       data     extern E:\3.46\pic18-lt\cxx-framework\src\traditional\proc\p18f4620.asm
                   PLUSW1   0x000fe3       data     extern E:\3.46\pic18-lt\cxx-framework\src\traditional\proc\p18f4620.asm
                   PLUSW2   0x000fdb       data     extern E:\3.46\pic18-lt\cxx-framework\src\traditional\proc\p18f4620.asm
                    PORTA   0x000f80       data     extern E:\3.46\pic18-lt\cxx-framework\src\traditional\proc\p18f4620.asm
                PORTAbits   0x000f80       data     extern E:\3.46\pic18-lt\cxx-framework\src\traditional\proc\p18f4620.asm
                    PORTB   0x000f81       data     extern E:\3.46\pic18-lt\cxx-framework\src\traditional\proc\p18f4620.asm
                PORTBbits   0x000f81       data     extern E:\3.46\pic18-lt\cxx-framework\src\traditional\proc\p18f4620.asm
                    PORTC   0x000f82       data     extern E:\3.46\pic18-lt\cxx-framework\src\traditional\proc\p18f4620.asm
                PORTCbits   0x000f82       data     extern E:\3.46\pic18-lt\cxx-framework\src\traditional\proc\p18f4620.asm
                    PORTD   0x000f83       data     extern E:\3.46\pic18-lt\cxx-framework\src\traditional\proc\p18f4620.asm
                PORTDbits   0x000f83       data     extern E:\3.46\pic18-lt\cxx-framework\src\traditional\proc\p18f4620.asm
                    PORTE   0x000f84       data     extern E:\3.46\pic18-lt\cxx-framework\src\traditional\proc\p18f4620.asm
                PORTEbits   0x000f84       data     extern E:\3.46\pic18-lt\cxx-framework\src\traditional\proc\p18f4620.asm
                 POSTDEC0   0x000fed       data     extern E:\3.46\pic18-lt\cxx-framework\src\traditional\proc\p18f4620.asm
                 POSTDEC1   0x000fe5       data     extern E:\3.46\pic18-lt\cxx-framework\src\traditional\proc\p18f4620.asm
                 POSTDEC2   0x000fdd       data     extern E:\3.46\pic18-lt\cxx-framework\src\traditional\proc\p18f4620.asm
                 POSTINC0   0x000fee       data     extern E:\3.46\pic18-lt\cxx-framework\src\traditional\proc\p18f4620.asm
                 POSTINC1   0x000fe6       data     extern E:\3.46\pic18-lt\cxx-framework\src\traditional\proc\p18f4620.asm
                 POSTINC2   0x000fde       data     extern E:\3.46\pic18-lt\cxx-framework\src\traditional\proc\p18f4620.asm
                      PR2   0x000fcb       data     extern E:\3.46\pic18-lt\cxx-framework\src\traditional\proc\p18f4620.asm
                  PREINC0   0x000fec       data     extern E:\3.46\pic18-lt\cxx-framework\src\traditional\proc\p18f4620.asm
                  PREINC1   0x000fe4       data     extern E:\3.46\pic18-lt\cxx-framework\src\traditional\proc\p18f4620.asm
                  PREINC2   0x000fdc       data     extern E:\3.46\pic18-lt\cxx-framework\src\traditional\proc\p18f4620.asm
                     PROD   0x000ff3       data     extern E:\3.46\pic18-lt\cxx-framework\src\traditional\proc\p18f4620.asm
                    PRODH   0x000ff4       data     extern E:\3.46\pic18-lt\cxx-framework\src\traditional\proc\p18f4620.asm
                    PRODL   0x000ff3       data     extern E:\3.46\pic18-lt\cxx-framework\src\traditional\proc\p18f4620.asm
                  PWM1CON   0x000fb7       data     extern E:\3.46\pic18-lt\cxx-framework\src\traditional\proc\p18f4620.asm
              PWM1CONbits   0x000fb7       data     extern E:\3.46\pic18-lt\cxx-framework\src\traditional\proc\p18f4620.asm
                     RCON   0x000fd0       data     extern E:\3.46\pic18-lt\cxx-framework\src\traditional\proc\p18f4620.asm
                 RCONbits   0x000fd0       data     extern E:\3.46\pic18-lt\cxx-framework\src\traditional\proc\p18f4620.asm
                    RCREG   0x000fae       data     extern E:\3.46\pic18-lt\cxx-framework\src\traditional\proc\p18f4620.asm
                    RCSTA   0x000fab       data     extern E:\3.46\pic18-lt\cxx-framework\src\traditional\proc\p18f4620.asm
                RCSTAbits   0x000fab       data     extern E:\3.46\pic18-lt\cxx-framework\src\traditional\proc\p18f4620.asm
                     SIGN   0x000000       data     extern E:\3.46\pic18-lt\cxx-framework\src\traditional\math\cmath18.asm
                    SPBRG   0x000faf       data     extern E:\3.46\pic18-lt\cxx-framework\src\traditional\proc\p18f4620.asm
                   SPBRGH   0x000fb0       data     extern E:\3.46\pic18-lt\cxx-framework\src\traditional\proc\p18f4620.asm
                   SSPADD   0x000fc8       data     extern E:\3.46\pic18-lt\cxx-framework\src\traditional\proc\p18f4620.asm
                   SSPBUF   0x000fc9       data     extern E:\3.46\pic18-lt\cxx-framework\src\traditional\proc\p18f4620.asm
                  SSPCON1   0x000fc6       data     extern E:\3.46\pic18-lt\cxx-framework\src\traditional\proc\p18f4620.asm
              SSPCON1bits   0x000fc6       data     extern E:\3.46\pic18-lt\cxx-framework\src\traditional\proc\p18f4620.asm
                  SSPCON2   0x000fc5       data     extern E:\3.46\pic18-lt\cxx-framework\src\traditional\proc\p18f4620.asm
              SSPCON2bits   0x000fc5       data     extern E:\3.46\pic18-lt\cxx-framework\src\traditional\proc\p18f4620.asm
                  SSPSTAT   0x000fc7       data     extern E:\3.46\pic18-lt\cxx-framework\src\traditional\proc\p18f4620.asm
              SSPSTATbits   0x000fc7       data     extern E:\3.46\pic18-lt\cxx-framework\src\traditional\proc\p18f4620.asm
                   STATUS   0x000fd8       data     extern E:\3.46\pic18-lt\cxx-framework\src\traditional\proc\p18f4620.asm
               STATUSbits   0x000fd8       data     extern E:\3.46\pic18-lt\cxx-framework\src\traditional\proc\p18f4620.asm
                   STKPTR   0x000ffc       data     extern E:\3.46\pic18-lt\cxx-framework\src\traditional\proc\p18f4620.asm
               STKPTRbits   0x000ffc       data     extern E:\3.46\pic18-lt\cxx-framework\src\traditional\proc\p18f4620.asm
                      Seg   0x000159       data     extern E:\StudyFiles\DoAn_TKLL\Traffic-Light\main.c
                    T0CON   0x000fd5       data     extern E:\3.46\pic18-lt\cxx-framework\src\traditional\proc\p18f4620.asm
                T0CONbits   0x000fd5       data     extern E:\3.46\pic18-lt\cxx-framework\src\traditional\proc\p18f4620.asm
                    T1CON   0x000fcd       data     extern E:\3.46\pic18-lt\cxx-framework\src\traditional\proc\p18f4620.asm
                T1CONbits   0x000fcd       data     extern E:\3.46\pic18-lt\cxx-framework\src\traditional\proc\p18f4620.asm
                    T2CON   0x000fca       data     extern E:\3.46\pic18-lt\cxx-framework\src\traditional\proc\p18f4620.asm
                T2CONbits   0x000fca       data     extern E:\3.46\pic18-lt\cxx-framework\src\traditional\proc\p18f4620.asm
                    T3CON   0x000fb1       data     extern E:\3.46\pic18-lt\cxx-framework\src\traditional\proc\p18f4620.asm
                T3CONbits   0x000fb1       data     extern E:\3.46\pic18-lt\cxx-framework\src\traditional\proc\p18f4620.asm
                   TABLAT   0x000ff5       data     extern E:\3.46\pic18-lt\cxx-framework\src\traditional\proc\p18f4620.asm
                   TBLPTR   0x000ff6       data     extern E:\3.46\pic18-lt\cxx-framework\src\traditional\proc\p18f4620.asm
                  TBLPTRH   0x000ff7       data     extern E:\3.46\pic18-lt\cxx-framework\src\traditional\proc\p18f4620.asm
                  TBLPTRL   0x000ff6       data     extern E:\3.46\pic18-lt\cxx-framework\src\traditional\proc\p18f4620.asm
                  TBLPTRU   0x000ff8       data     extern E:\3.46\pic18-lt\cxx-framework\src\traditional\proc\p18f4620.asm
               TEMP_value   0x000224       data     extern E:\StudyFiles\DoAn_TKLL\PICKITMPLAB\He Thong Nhung - VDK 9\Bai9_TRAFFIC_UART\simulate_machine\simulate_machine.c
                   TIME_G   0x000146       data     extern E:\StudyFiles\DoAn_TKLL\Traffic-Light\main.c
                   TIME_R   0x000142       data     extern E:\StudyFiles\DoAn_TKLL\Traffic-Light\main.c
                   TIME_Y   0x00014a       data     extern E:\StudyFiles\DoAn_TKLL\Traffic-Light\main.c
                    TMR0H   0x000fd7       data     extern E:\3.46\pic18-lt\cxx-framework\src\traditional\proc\p18f4620.asm
                    TMR0L   0x000fd6       data     extern E:\3.46\pic18-lt\cxx-framework\src\traditional\proc\p18f4620.asm
                    TMR1H   0x000fcf       data     extern E:\3.46\pic18-lt\cxx-framework\src\traditional\proc\p18f4620.asm
                    TMR1L   0x000fce       data     extern E:\3.46\pic18-lt\cxx-framework\src\traditional\proc\p18f4620.asm
                     TMR2   0x000fcc       data     extern E:\3.46\pic18-lt\cxx-framework\src\traditional\proc\p18f4620.asm
                    TMR3H   0x000fb3       data     extern E:\3.46\pic18-lt\cxx-framework\src\traditional\proc\p18f4620.asm
                    TMR3L   0x000fb2       data     extern E:\3.46\pic18-lt\cxx-framework\src\traditional\proc\p18f4620.asm
                      TOS   0x000ffd       data     extern E:\3.46\pic18-lt\cxx-framework\src\traditional\proc\p18f4620.asm
                     TOSH   0x000ffe       data     extern E:\3.46\pic18-lt\cxx-framework\src\traditional\proc\p18f4620.asm
                     TOSL   0x000ffd       data     extern E:\3.46\pic18-lt\cxx-framework\src\traditional\proc\p18f4620.asm
                     TOSU   0x000fff       data     extern E:\3.46\pic18-lt\cxx-framework\src\traditional\proc\p18f4620.asm
                    TRISA   0x000f92       data     extern E:\3.46\pic18-lt\cxx-framework\src\traditional\proc\p18f4620.asm
                TRISAbits   0x000f92       data     extern E:\3.46\pic18-lt\cxx-framework\src\traditional\proc\p18f4620.asm
                    TRISB   0x000f93       data     extern E:\3.46\pic18-lt\cxx-framework\src\traditional\proc\p18f4620.asm
                TRISBbits   0x000f93       data     extern E:\3.46\pic18-lt\cxx-framework\src\traditional\proc\p18f4620.asm
                    TRISC   0x000f94       data     extern E:\3.46\pic18-lt\cxx-framework\src\traditional\proc\p18f4620.asm
                TRISCbits   0x000f94       data     extern E:\3.46\pic18-lt\cxx-framework\src\traditional\proc\p18f4620.asm
                    TRISD   0x000f95       data     extern E:\3.46\pic18-lt\cxx-framework\src\traditional\proc\p18f4620.asm
                TRISDbits   0x000f95       data     extern E:\3.46\pic18-lt\cxx-framework\src\traditional\proc\p18f4620.asm
                    TRISE   0x000f96       data     extern E:\3.46\pic18-lt\cxx-framework\src\traditional\proc\p18f4620.asm
                TRISEbits   0x000f96       data     extern E:\3.46\pic18-lt\cxx-framework\src\traditional\proc\p18f4620.asm
                TSS_value   0x000228       data     extern E:\StudyFiles\DoAn_TKLL\PICKITMPLAB\He Thong Nhung - VDK 9\Bai9_TRAFFIC_UART\simulate_machine\simulate_machine.c
                    TXREG   0x000fad       data     extern E:\3.46\pic18-lt\cxx-framework\src\traditional\proc\p18f4620.asm
                    TXSTA   0x000fac       data     extern E:\3.46\pic18-lt\cxx-framework\src\traditional\proc\p18f4620.asm
                TXSTAbits   0x000fac       data     extern E:\3.46\pic18-lt\cxx-framework\src\traditional\proc\p18f4620.asm
                 UserFont   0x000080       data     extern E:\StudyFiles\DoAn_TKLL\Traffic-Light\lcd\lcd.c
                        W   0x000fe8       data     extern E:\3.46\pic18-lt\cxx-framework\src\traditional\proc\p18f4620.asm
                   WDTCON   0x000fd1       data     extern E:\3.46\pic18-lt\cxx-framework\src\traditional\proc\p18f4620.asm
               WDTCONbits   0x000fd1       data     extern E:\3.46\pic18-lt\cxx-framework\src\traditional\proc\p18f4620.asm
                     WREG   0x000fe8       data     extern E:\3.46\pic18-lt\cxx-framework\src\traditional\proc\p18f4620.asm
             WaitResponse   0x00021b       data     extern E:\StudyFiles\DoAn_TKLL\PICKITMPLAB\He Thong Nhung - VDK 9\Bai9_TRAFFIC_UART\simulate_machine\simulate_machine.c
                 __AARGB0   0x000009       data     extern E:\3.46\pic18-lt\cxx-framework\src\traditional\math\aarg.asm
                 __AARGB1   0x000008       data     extern E:\3.46\pic18-lt\cxx-framework\src\traditional\math\aarg.asm
                 __AARGB2   0x000007       data     extern E:\3.46\pic18-lt\cxx-framework\src\traditional\math\aarg.asm
                 __AARGB3   0x000006       data     extern E:\3.46\pic18-lt\cxx-framework\src\traditional\math\aarg.asm
                 __AARGB4   0x000005       data     extern E:\3.46\pic18-lt\cxx-framework\src\traditional\math\aarg.asm
                 __AARGB5   0x000004       data     extern E:\3.46\pic18-lt\cxx-framework\src\traditional\math\aarg.asm
                 __AARGB6   0x000003       data     extern E:\3.46\pic18-lt\cxx-framework\src\traditional\math\aarg.asm
                 __AARGB7   0x000002       data     extern E:\3.46\pic18-lt\cxx-framework\src\traditional\math\aarg.asm
                   __AEXP   0x00000a       data     extern E:\3.46\pic18-lt\cxx-framework\src\traditional\math\aarg.asm
                 __BARGB0   0x00000e       data     extern E:\3.46\pic18-lt\cxx-framework\src\traditional\math\barg.asm
                 __BARGB1   0x00000d       data     extern E:\3.46\pic18-lt\cxx-framework\src\traditional\math\barg.asm
                 __BARGB2   0x00000c       data     extern E:\3.46\pic18-lt\cxx-framework\src\traditional\math\barg.asm
                 __BARGB3   0x00000b       data     extern E:\3.46\pic18-lt\cxx-framework\src\traditional\math\barg.asm
                   __BEXP   0x00000f       data     extern E:\3.46\pic18-lt\cxx-framework\src\traditional\math\barg.asm
                __FPFLAGS   0x000001       data     extern E:\3.46\pic18-lt\cxx-framework\src\traditional\math\cmath18.asm
            __FPFLAGSbits   0x000001       data     extern E:\3.46\pic18-lt\cxx-framework\src\traditional\math\cmath18.asm
                  __REMB0   0x000005       data     extern E:\3.46\pic18-lt\cxx-framework\src\traditional\math\aarg.asm
                  __REMB1   0x000004       data     extern E:\3.46\pic18-lt\cxx-framework\src\traditional\math\aarg.asm
                  __REMB2   0x000003       data     extern E:\3.46\pic18-lt\cxx-framework\src\traditional\math\aarg.asm
                  __REMB3   0x000002       data     extern E:\3.46\pic18-lt\cxx-framework\src\traditional\math\aarg.asm
                   __TEMP   0x000013       data     extern E:\3.46\pic18-lt\cxx-framework\src\traditional\math\temparg.asm
                 __TEMPB0   0x000013       data     extern E:\3.46\pic18-lt\cxx-framework\src\traditional\math\temparg.asm
                 __TEMPB1   0x000012       data     extern E:\3.46\pic18-lt\cxx-framework\src\traditional\math\temparg.asm
                 __TEMPB2   0x000011       data     extern E:\3.46\pic18-lt\cxx-framework\src\traditional\math\temparg.asm
                 __TEMPB3   0x000010       data     extern E:\3.46\pic18-lt\cxx-framework\src\traditional\math\temparg.asm
                  __tmp_0   0x000014       data     static E:\StudyFiles\DoAn_TKLL\Traffic-Light\uart\uart.c
                  __tmp_0   0x000014       data     static E:\StudyFiles\DoAn_TKLL\Traffic-Light\main.c
                  __tmp_0   0x000014       data     static E:\StudyFiles\DoAn_TKLL\Traffic-Light\button_matrix\button.c
                  __tmp_0   0x000014       data     static E:\StudyFiles\DoAn_TKLL\Traffic-Light\timer\timer.c
                  __tmp_0   0x000014       data     static E:\StudyFiles\DoAn_TKLL\Traffic-Light\lcd\lcd.c
                  __tmp_0   0x000014       data     static E:\StudyFiles\DoAn_TKLL\Traffic-Light\i2c\i2c.c
                  __tmp_0   0x000014       data     static E:\StudyFiles\DoAn_TKLL\Traffic-Light\adc\adc.c
                  __tmp_0   0x000014       data     static E:\StudyFiles\DoAn_TKLL\PICKITMPLAB\He Thong Nhung - VDK 9\Bai9_TRAFFIC_UART\simulate_machine\simulate_machine.c
                  ack_bit   0x0001fe       data     extern E:\StudyFiles\DoAn_TKLL\Traffic-Light\i2c\i2c.c
                 ack_flag   0x0000f9       data     extern E:\StudyFiles\DoAn_TKLL\Traffic-Light\i2c\i2c.c
                adc_value   0x000200       data     extern E:\StudyFiles\DoAn_TKLL\Traffic-Light\adc\adc.c
         arrayMapOfNumber   0x000110       data     extern E:\StudyFiles\DoAn_TKLL\Traffic-Light\main.c
         arrayMapOfOutput   0x000100       data     extern E:\StudyFiles\DoAn_TKLL\Traffic-Light\main.c
       arrayMapOfPassword   0x000120       data     extern E:\StudyFiles\DoAn_TKLL\Traffic-Light\main.c
      arrayMaskInputOfKey   0x000f57       data     extern E:\StudyFiles\DoAn_TKLL\Traffic-Light\button_matrix\button.c
     arrayMaskOutputOfKey   0x000f53       data     extern E:\StudyFiles\DoAn_TKLL\Traffic-Light\button_matrix\button.c
            arrayPassword   0x000f00       data     extern E:\StudyFiles\DoAn_TKLL\Traffic-Light\main.c
                 byte_num   0x0000e2       data     extern E:\StudyFiles\DoAn_TKLL\Traffic-Light\i2c\i2c.c
                      cmd   0x000f05       data     extern E:\StudyFiles\DoAn_TKLL\Traffic-Light\main.c
                  cmd_get   0x000f06       data     extern E:\StudyFiles\DoAn_TKLL\Traffic-Light\main.c
                     cnt0   0x000f7b       data     extern E:\StudyFiles\DoAn_TKLL\Traffic-Light\interrupt\interrupt.c
                     cnt1   0x000f7d       data     extern E:\StudyFiles\DoAn_TKLL\Traffic-Light\interrupt\interrupt.c
                  cnt_10s   0x000181       data     extern E:\StudyFiles\DoAn_TKLL\Traffic-Light\main.c
                   cnt_1s   0x00017d       data     extern E:\StudyFiles\DoAn_TKLL\Traffic-Light\main.c
                  cnt_20s   0x000183       data     extern E:\StudyFiles\DoAn_TKLL\Traffic-Light\main.c
                   cnt_5s   0x00017f       data     extern E:\StudyFiles\DoAn_TKLL\Traffic-Light\main.c
                  cnt_led   0x00018b       data     extern E:\StudyFiles\DoAn_TKLL\Traffic-Light\main.c
                curr_byte   0x0001f7       data     static E:\3.46\pic18-lt\cxx-framework\src\traditional\startup\c018i.c
               curr_entry   0x0001f9       data     static E:\3.46\pic18-lt\cxx-framework\src\traditional\startup\c018i.c
              current_col   0x0000fe       data     extern E:\StudyFiles\DoAn_TKLL\Traffic-Light\lcd\lcd.c
              current_row   0x0000fc       data     extern E:\StudyFiles\DoAn_TKLL\Traffic-Light\lcd\lcd.c
              dataReceive   0x000190       data     extern E:\StudyFiles\DoAn_TKLL\PICKITMPLAB\He Thong Nhung - VDK 9\Bai9_TRAFFIC_UART\simulate_machine\simulate_machine.c
                 dataSend   0x0001c2       data     extern E:\StudyFiles\DoAn_TKLL\PICKITMPLAB\He Thong Nhung - VDK 9\Bai9_TRAFFIC_UART\simulate_machine\simulate_machine.c
                 data_ptr   0x0001fb       data     static E:\3.46\pic18-lt\cxx-framework\src\traditional\startup\c018i.c
                   digit1   0x000f2f       data     extern E:\StudyFiles\DoAn_TKLL\Traffic-Light\main.c
                   digit2   0x000f31       data     extern E:\StudyFiles\DoAn_TKLL\Traffic-Light\main.c
               duty_cycle   0x0001ff       data     extern E:\StudyFiles\DoAn_TKLL\Traffic-Light\pwm\pwm.c
flagOfDataReceiveComplete   0x00021d       data     extern E:\StudyFiles\DoAn_TKLL\PICKITMPLAB\He Thong Nhung - VDK 9\Bai9_TRAFFIC_UART\simulate_machine\simulate_machine.c
                 flag_10s   0x00017b       data     extern E:\StudyFiles\DoAn_TKLL\Traffic-Light\main.c
                  flag_1s   0x000179       data     extern E:\StudyFiles\DoAn_TKLL\Traffic-Light\main.c
                 flag_20s   0x00017c       data     extern E:\StudyFiles\DoAn_TKLL\Traffic-Light\main.c
                  flag_5s   0x00017a       data     extern E:\StudyFiles\DoAn_TKLL\Traffic-Light\main.c
                 flag_led   0x00018d       data     extern E:\StudyFiles\DoAn_TKLL\Traffic-Light\main.c
                flag_read   0x0000e1       data     extern E:\StudyFiles\DoAn_TKLL\Traffic-Light\i2c\i2c.c
              flag_timer0   0x000f63       data     extern E:\StudyFiles\DoAn_TKLL\Traffic-Light\timer\timer.c
              flag_timer1   0x000f64       data     extern E:\StudyFiles\DoAn_TKLL\Traffic-Light\timer\timer.c
              flag_timer2   0x000f65       data     extern E:\StudyFiles\DoAn_TKLL\Traffic-Light\timer\timer.c
              flag_timer3   0x000f66       data     extern E:\StudyFiles\DoAn_TKLL\Traffic-Light\timer\timer.c
                  get_cmd   0x000f1a       data     extern E:\StudyFiles\DoAn_TKLL\Traffic-Light\main.c
                        i   0x00018f       data     extern E:\StudyFiles\DoAn_TKLL\PICKITMPLAB\He Thong Nhung - VDK 9\Bai9_TRAFFIC_UART\simulate_machine\simulate_machine.c
                 i2c_data   0x0000fb       data     extern E:\StudyFiles\DoAn_TKLL\Traffic-Light\i2c\i2c.c
                      idx   0x000156       data     extern E:\StudyFiles\DoAn_TKLL\Traffic-Light\main.c
       indexOfDataReceive   0x00021f       data     extern E:\StudyFiles\DoAn_TKLL\PICKITMPLAB\He Thong Nhung - VDK 9\Bai9_TRAFFIC_UART\simulate_machine\simulate_machine.c
           indexOfMachine   0x00021e       data     extern E:\StudyFiles\DoAn_TKLL\PICKITMPLAB\He Thong Nhung - VDK 9\Bai9_TRAFFIC_UART\simulate_machine\simulate_machine.c
            indexOfNumber   0x000135       data     extern E:\StudyFiles\DoAn_TKLL\Traffic-Light\main.c
          indexOfdataSend   0x000220       data     extern E:\StudyFiles\DoAn_TKLL\PICKITMPLAB\He Thong Nhung - VDK 9\Bai9_TRAFFIC_UART\simulate_machine\simulate_machine.c
                index_add   0x0000e3       data     extern E:\StudyFiles\DoAn_TKLL\Traffic-Light\i2c\i2c.c
                  isPrint   0x000185       data     extern E:\StudyFiles\DoAn_TKLL\Traffic-Light\main.c
     keyMatrixNumberIndex   0x00016d       data     extern E:\StudyFiles\DoAn_TKLL\Traffic-Light\main.c
                 key_code   0x000f33       data     extern E:\StudyFiles\DoAn_TKLL\Traffic-Light\button_matrix\button.c
                     menu   0x00014e       data     extern E:\StudyFiles\DoAn_TKLL\Traffic-Light\main.c
      numberOfDataReceive   0x000221       data     extern E:\StudyFiles\DoAn_TKLL\PICKITMPLAB\He Thong Nhung - VDK 9\Bai9_TRAFFIC_UART\simulate_machine\simulate_machine.c
         numberOfDataSend   0x000222       data     extern E:\StudyFiles\DoAn_TKLL\PICKITMPLAB\He Thong Nhung - VDK 9\Bai9_TRAFFIC_UART\simulate_machine\simulate_machine.c
              numberValue   0x000f04       data     extern E:\StudyFiles\DoAn_TKLL\Traffic-Light\main.c
                 pH_value   0x000225       data     extern E:\StudyFiles\DoAn_TKLL\PICKITMPLAB\He Thong Nhung - VDK 9\Bai9_TRAFFIC_UART\simulate_machine\simulate_machine.c
               print_flag   0x000189       data     extern E:\StudyFiles\DoAn_TKLL\Traffic-Light\main.c
                     prom   0x0001f4       data     static E:\3.46\pic18-lt\cxx-framework\src\traditional\startup\c018i.c
                  rBuffer   0x000f1b       data     extern E:\StudyFiles\DoAn_TKLL\Traffic-Light\main.c
                    rFlag   0x000157       data     extern E:\StudyFiles\DoAn_TKLL\Traffic-Light\main.c
                read_data   0x0000ef       data     extern E:\StudyFiles\DoAn_TKLL\Traffic-Light\i2c\i2c.c
             receive_data   0x0000fa       data     extern E:\StudyFiles\DoAn_TKLL\Traffic-Light\i2c\i2c.c
             receive_flag   0x0000f8       data     extern E:\StudyFiles\DoAn_TKLL\Traffic-Light\i2c\i2c.c
                   select   0x000137       data     extern E:\StudyFiles\DoAn_TKLL\Traffic-Light\main.c
                 set_flag   0x000187       data     extern E:\StudyFiles\DoAn_TKLL\Traffic-Light\main.c
                set_state   0x000177       data     extern E:\StudyFiles\DoAn_TKLL\Traffic-Light\main.c
                    speed   0x000f7f       data     extern E:\StudyFiles\DoAn_TKLL\Traffic-Light\pwm\pwm.c
                   status   0x000139       data     extern E:\StudyFiles\DoAn_TKLL\Traffic-Light\main.c
                statusLCD   0x0000c0       data     extern E:\StudyFiles\DoAn_TKLL\Traffic-Light\lcd\lcd.c
             statusOutput   0x000108       data     extern E:\StudyFiles\DoAn_TKLL\Traffic-Light\main.c
           statusPassword   0x000134       data     extern E:\StudyFiles\DoAn_TKLL\Traffic-Light\main.c
            statusReceive   0x00021c       data     extern E:\StudyFiles\DoAn_TKLL\PICKITMPLAB\He Thong Nhung - VDK 9\Bai9_TRAFFIC_UART\simulate_machine\simulate_machine.c
             statusSim900   0x00021a       data     extern E:\StudyFiles\DoAn_TKLL\PICKITMPLAB\He Thong Nhung - VDK 9\Bai9_TRAFFIC_UART\simulate_machine\simulate_machine.c
                tempCount   0x000223       data     extern E:\StudyFiles\DoAn_TKLL\PICKITMPLAB\He Thong Nhung - VDK 9\Bai9_TRAFFIC_UART\simulate_machine\simulate_machine.c
                time0_MUL   0x000f73       data     extern E:\StudyFiles\DoAn_TKLL\Traffic-Light\timer\timer.c
                time1_MUL   0x000f75       data     extern E:\StudyFiles\DoAn_TKLL\Traffic-Light\timer\timer.c
                time2_MUL   0x000f77       data     extern E:\StudyFiles\DoAn_TKLL\Traffic-Light\timer\timer.c
                time3_MUL   0x000f79       data     extern E:\StudyFiles\DoAn_TKLL\Traffic-Light\timer\timer.c
       timeChangedataSend   0x00022b       data     extern E:\StudyFiles\DoAn_TKLL\PICKITMPLAB\He Thong Nhung - VDK 9\Bai9_TRAFFIC_UART\simulate_machine\simulate_machine.c
                timeDelay   0x000136       data     extern E:\StudyFiles\DoAn_TKLL\Traffic-Light\main.c
                    timeG   0x000144       data     extern E:\StudyFiles\DoAn_TKLL\Traffic-Light\main.c
                timeG_man   0x00014c       data     extern E:\StudyFiles\DoAn_TKLL\Traffic-Light\main.c
                    timeR   0x000140       data     extern E:\StudyFiles\DoAn_TKLL\Traffic-Light\main.c
                  timeSEG   0x00013e       data     extern E:\StudyFiles\DoAn_TKLL\Traffic-Light\main.c
                    timeY   0x000148       data     extern E:\StudyFiles\DoAn_TKLL\Traffic-Light\main.c
               timer0_cnt   0x000f6b       data     extern E:\StudyFiles\DoAn_TKLL\Traffic-Light\timer\timer.c
             timer0_value   0x000f5b       data     extern E:\StudyFiles\DoAn_TKLL\Traffic-Light\timer\timer.c
               timer1_cnt   0x000f6d       data     extern E:\StudyFiles\DoAn_TKLL\Traffic-Light\timer\timer.c
             timer1_value   0x000f5d       data     extern E:\StudyFiles\DoAn_TKLL\Traffic-Light\timer\timer.c
               timer2_cnt   0x000f6f       data     extern E:\StudyFiles\DoAn_TKLL\Traffic-Light\timer\timer.c
             timer2_value   0x000f5f       data     extern E:\StudyFiles\DoAn_TKLL\Traffic-Light\timer\timer.c
               timer3_cnt   0x000f71       data     extern E:\StudyFiles\DoAn_TKLL\Traffic-Light\timer\timer.c
             timer3_value   0x000f61       data     extern E:\StudyFiles\DoAn_TKLL\Traffic-Light\timer\timer.c
                   v_cnt0   0x000f67       data     extern E:\StudyFiles\DoAn_TKLL\Traffic-Light\timer\timer.c
                   v_cnt1   0x000f69       data     extern E:\StudyFiles\DoAn_TKLL\Traffic-Light\timer\timer.c
               valueInput   0x00013a       data     extern E:\StudyFiles\DoAn_TKLL\Traffic-Light\main.c
                   verify   0x000158       data     extern E:\StudyFiles\DoAn_TKLL\Traffic-Light\main.c
               write_data   0x0000e4       data     extern E:\StudyFiles\DoAn_TKLL\Traffic-Light\i2c\i2c.c



                              Symbols - Sorted by Address
                     Name    Address   Location    Storage File                     
                ---------  ---------  ---------  --------- ---------                
                   _entry   0x000000    program     extern E:\3.46\pic18-lt\cxx-framework\src\traditional\startup\c018i.c
       ___return_lbl00000   0x000004    program     static                          
                   __init   0x000006    program     extern E:\3.46\pic18-lt\cxx-framework\src\traditional\stdclib\__init.c
      InterruptVectorHigh   0x000008    program     extern E:\StudyFiles\DoAn_TKLL\Traffic-Light\interrupt\interrupt.c
       ___return_lbl00003   0x00000c    program     static                          
       InterruptVectorLow   0x000018    program     extern E:\StudyFiles\DoAn_TKLL\Traffic-Light\interrupt\interrupt.c
       ___return_lbl00002   0x00001c    program     static                          
                 uart_isr   0x000080    program     extern E:\StudyFiles\DoAn_TKLL\Traffic-Light\main.c
                     main   0x00069c    program     extern E:\StudyFiles\DoAn_TKLL\Traffic-Light\main.c
                 test_key   0x0006d0    program     extern E:\StudyFiles\DoAn_TKLL\Traffic-Light\main.c
              displayMenu   0x00076c    program     extern E:\StudyFiles\DoAn_TKLL\Traffic-Light\main.c
                 delay_ms   0x000846    program     extern E:\StudyFiles\DoAn_TKLL\Traffic-Light\main.c
              init_output   0x0008ce    program     extern E:\StudyFiles\DoAn_TKLL\Traffic-Light\main.c
              init_system   0x0008d4    program     extern E:\StudyFiles\DoAn_TKLL\Traffic-Light\main.c
           init_seven_seg   0x00093c    program     extern E:\StudyFiles\DoAn_TKLL\Traffic-Light\main.c
        clock_signal_seg1   0x000944    program     extern E:\StudyFiles\DoAn_TKLL\Traffic-Light\main.c
        latch_enable_seg1   0x00095e    program     extern E:\StudyFiles\DoAn_TKLL\Traffic-Light\main.c
           send_byte_seg1   0x000978    program     extern E:\StudyFiles\DoAn_TKLL\Traffic-Light\main.c
           send_data_seg1   0x0009f8    program     extern E:\StudyFiles\DoAn_TKLL\Traffic-Light\main.c
        clock_signal_seg2   0x000a9a    program     extern E:\StudyFiles\DoAn_TKLL\Traffic-Light\main.c
        latch_enable_seg2   0x000aa2    program     extern E:\StudyFiles\DoAn_TKLL\Traffic-Light\main.c
           send_byte_seg2   0x000aaa    program     extern E:\StudyFiles\DoAn_TKLL\Traffic-Light\main.c
           send_data_seg2   0x000b2a    program     extern E:\StudyFiles\DoAn_TKLL\Traffic-Light\main.c
        display_seven_seg   0x000bcc    program     extern E:\StudyFiles\DoAn_TKLL\Traffic-Light\main.c
               OpenOutput   0x000c2e    program     extern E:\StudyFiles\DoAn_TKLL\Traffic-Light\main.c
              CloseOutput   0x000c7e    program     extern E:\StudyFiles\DoAn_TKLL\Traffic-Light\main.c
            ReverseOutput   0x000cce    program     extern E:\StudyFiles\DoAn_TKLL\Traffic-Light\main.c
               TestOutput   0x000d4a    program     extern E:\StudyFiles\DoAn_TKLL\Traffic-Light\main.c
         isButton1Pressed   0x000dc8    program     extern E:\StudyFiles\DoAn_TKLL\Traffic-Light\main.c
         isButton2Pressed   0x000dd8    program     extern E:\StudyFiles\DoAn_TKLL\Traffic-Light\main.c
         isButton3Pressed   0x000de8    program     extern E:\StudyFiles\DoAn_TKLL\Traffic-Light\main.c
                 clearLCD   0x000df8    program     extern E:\StudyFiles\DoAn_TKLL\Traffic-Light\main.c
[...]
                     DDRB   0x000f93       data     extern E:\3.46\pic18-lt\cxx-framework\src\traditional\proc\p18f4620.asm
                TRISBbits   0x000f93       data     extern E:\3.46\pic18-lt\cxx-framework\src\traditional\proc\p18f4620.asm
                    TRISB   0x000f93       data     extern E:\3.46\pic18-lt\cxx-framework\src\traditional\proc\p18f4620.asm
                 DDRCbits   0x000f94       data     extern E:\3.46\pic18-lt\cxx-framework\src\traditional\proc\p18f4620.asm
                     DDRC   0x000f94       data     extern E:\3.46\pic18-lt\cxx-framework\src\traditional\proc\p18f4620.asm
                TRISCbits   0x000f94       data     extern E:\3.46\pic18-lt\cxx-framework\src\traditional\proc\p18f4620.asm
                    TRISC   0x000f94       data     extern E:\3.46\pic18-lt\cxx-framework\src\traditional\proc\p18f4620.asm
                 DDRDbits   0x000f95       data     extern E:\3.46\pic18-lt\cxx-framework\src\traditional\proc\p18f4620.asm
                     DDRD   0x000f95       data     extern E:\3.46\pic18-lt\cxx-framework\src\traditional\proc\p18f4620.asm
                TRISDbits   0x000f95       data     extern E:\3.46\pic18-lt\cxx-framework\src\traditional\proc\p18f4620.asm
                    TRISD   0x000f95       data     extern E:\3.46\pic18-lt\cxx-framework\src\traditional\proc\p18f4620.asm
                    TRISE   0x000f96       data     extern E:\3.46\pic18-lt\cxx-framework\src\traditional\proc\p18f4620.asm
                TRISEbits   0x000f96       data     extern E:\3.46\pic18-lt\cxx-framework\src\traditional\proc\p18f4620.asm
                     DDRE   0x000f96       data     extern E:\3.46\pic18-lt\cxx-framework\src\traditional\proc\p18f4620.asm
                 DDREbits   0x000f96       data     extern E:\3.46\pic18-lt\cxx-framework\src\traditional\proc\p18f4620.asm
                  OSCTUNE   0x000f9b       data     extern E:\3.46\pic18-lt\cxx-framework\src\traditional\proc\p18f4620.asm
              OSCTUNEbits   0x000f9b       data     extern E:\3.46\pic18-lt\cxx-framework\src\traditional\proc\p18f4620.asm
                     PIE1   0x000f9d       data     extern E:\3.46\pic18-lt\cxx-framework\src\traditional\proc\p18f4620.asm
                 PIE1bits   0x000f9d       data     extern E:\3.46\pic18-lt\cxx-framework\src\traditional\proc\p18f4620.asm
                 PIR1bits   0x000f9e       data     extern E:\3.46\pic18-lt\cxx-framework\src\traditional\proc\p18f4620.asm
                     PIR1   0x000f9e       data     extern E:\3.46\pic18-lt\cxx-framework\src\traditional\proc\p18f4620.asm
                     IPR1   0x000f9f       data     extern E:\3.46\pic18-lt\cxx-framework\src\traditional\proc\p18f4620.asm
                 IPR1bits   0x000f9f       data     extern E:\3.46\pic18-lt\cxx-framework\src\traditional\proc\p18f4620.asm
                 PIE2bits   0x000fa0       data     extern E:\3.46\pic18-lt\cxx-framework\src\traditional\proc\p18f4620.asm
                     PIE2   0x000fa0       data     extern E:\3.46\pic18-lt\cxx-framework\src\traditional\proc\p18f4620.asm
                 PIR2bits   0x000fa1       data     extern E:\3.46\pic18-lt\cxx-framework\src\traditional\proc\p18f4620.asm
                     PIR2   0x000fa1       data     extern E:\3.46\pic18-lt\cxx-framework\src\traditional\proc\p18f4620.asm
                     IPR2   0x000fa2       data     extern E:\3.46\pic18-lt\cxx-framework\src\traditional\proc\p18f4620.asm
                 IPR2bits   0x000fa2       data     extern E:\3.46\pic18-lt\cxx-framework\src\traditional\proc\p18f4620.asm
                   EECON1   0x000fa6       data     extern E:\3.46\pic18-lt\cxx-framework\src\traditional\proc\p18f4620.asm
               EECON1bits   0x000fa6       data     extern E:\3.46\pic18-lt\cxx-framework\src\traditional\proc\p18f4620.asm
                   EECON2   0x000fa7       data     extern E:\3.46\pic18-lt\cxx-framework\src\traditional\proc\p18f4620.asm
                   EEDATA   0x000fa8       data     extern E:\3.46\pic18-lt\cxx-framework\src\traditional\proc\p18f4620.asm
                    EEADR   0x000fa9       data     extern E:\3.46\pic18-lt\cxx-framework\src\traditional\proc\p18f4620.asm
                   EEADRH   0x000faa       data     extern E:\3.46\pic18-lt\cxx-framework\src\traditional\proc\p18f4620.asm
                RCSTAbits   0x000fab       data     extern E:\3.46\pic18-lt\cxx-framework\src\traditional\proc\p18f4620.asm
                    RCSTA   0x000fab       data     extern E:\3.46\pic18-lt\cxx-framework\src\traditional\proc\p18f4620.asm
                TXSTAbits   0x000fac       data     extern E:\3.46\pic18-lt\cxx-framework\src\traditional\proc\p18f4620.asm
                    TXSTA   0x000fac       data     extern E:\3.46\pic18-lt\cxx-framework\src\traditional\proc\p18f4620.asm
                    TXREG   0x000fad       data     extern E:\3.46\pic18-lt\cxx-framework\src\traditional\proc\p18f4620.asm
                    RCREG   0x000fae       data     extern E:\3.46\pic18-lt\cxx-framework\src\traditional\proc\p18f4620.asm
                    SPBRG   0x000faf       data     extern E:\3.46\pic18-lt\cxx-framework\src\traditional\proc\p18f4620.asm
                   SPBRGH   0x000fb0       data     extern E:\3.46\pic18-lt\cxx-framework\src\traditional\proc\p18f4620.asm
                    T3CON   0x000fb1       data     extern E:\3.46\pic18-lt\cxx-framework\src\traditional\proc\p18f4620.asm
                T3CONbits   0x000fb1       data     extern E:\3.46\pic18-lt\cxx-framework\src\traditional\proc\p18f4620.asm
                    TMR3L   0x000fb2       data     extern E:\3.46\pic18-lt\cxx-framework\src\traditional\proc\p18f4620.asm
                    TMR3H   0x000fb3       data     extern E:\3.46\pic18-lt\cxx-framework\src\traditional\proc\p18f4620.asm
                    CMCON   0x000fb4       data     extern E:\3.46\pic18-lt\cxx-framework\src\traditional\proc\p18f4620.asm
                CMCONbits   0x000fb4       data     extern E:\3.46\pic18-lt\cxx-framework\src\traditional\proc\p18f4620.asm
                   CVRCON   0x000fb5       data     extern E:\3.46\pic18-lt\cxx-framework\src\traditional\proc\p18f4620.asm
               CVRCONbits   0x000fb5       data     extern E:\3.46\pic18-lt\cxx-framework\src\traditional\proc\p18f4620.asm
              ECCP1ASbits   0x000fb6       data     extern E:\3.46\pic18-lt\cxx-framework\src\traditional\proc\p18f4620.asm
                  ECCP1AS   0x000fb6       data     extern E:\3.46\pic18-lt\cxx-framework\src\traditional\proc\p18f4620.asm
              PWM1CONbits   0x000fb7       data     extern E:\3.46\pic18-lt\cxx-framework\src\traditional\proc\p18f4620.asm
                  PWM1CON   0x000fb7       data     extern E:\3.46\pic18-lt\cxx-framework\src\traditional\proc\p18f4620.asm
                  BAUDCON   0x000fb8       data     extern E:\3.46\pic18-lt\cxx-framework\src\traditional\proc\p18f4620.asm
              BAUDCTLbits   0x000fb8       data     extern E:\3.46\pic18-lt\cxx-framework\src\traditional\proc\p18f4620.asm
              BAUDCONbits   0x000fb8       data     extern E:\3.46\pic18-lt\cxx-framework\src\traditional\proc\p18f4620.asm
                  BAUDCTL   0x000fb8       data     extern E:\3.46\pic18-lt\cxx-framework\src\traditional\proc\p18f4620.asm
                  CCP2CON   0x000fba       data     extern E:\3.46\pic18-lt\cxx-framework\src\traditional\proc\p18f4620.asm
              CCP2CONbits   0x000fba       data     extern E:\3.46\pic18-lt\cxx-framework\src\traditional\proc\p18f4620.asm
                    CCPR2   0x000fbb       data     extern E:\3.46\pic18-lt\cxx-framework\src\traditional\proc\p18f4620.asm
                   CCPR2L   0x000fbb       data     extern E:\3.46\pic18-lt\cxx-framework\src\traditional\proc\p18f4620.asm
                   CCPR2H   0x000fbc       data     extern E:\3.46\pic18-lt\cxx-framework\src\traditional\proc\p18f4620.asm
              CCP1CONbits   0x000fbd       data     extern E:\3.46\pic18-lt\cxx-framework\src\traditional\proc\p18f4620.asm
                  CCP1CON   0x000fbd       data     extern E:\3.46\pic18-lt\cxx-framework\src\traditional\proc\p18f4620.asm
                   CCPR1L   0x000fbe       data     extern E:\3.46\pic18-lt\cxx-framework\src\traditional\proc\p18f4620.asm
                    CCPR1   0x000fbe       data     extern E:\3.46\pic18-lt\cxx-framework\src\traditional\proc\p18f4620.asm
                   CCPR1H   0x000fbf       data     extern E:\3.46\pic18-lt\cxx-framework\src\traditional\proc\p18f4620.asm
                   ADCON2   0x000fc0       data     extern E:\3.46\pic18-lt\cxx-framework\src\traditional\proc\p18f4620.asm
               ADCON2bits   0x000fc0       data     extern E:\3.46\pic18-lt\cxx-framework\src\traditional\proc\p18f4620.asm
               ADCON1bits   0x000fc1       data     extern E:\3.46\pic18-lt\cxx-framework\src\traditional\proc\p18f4620.asm
                   ADCON1   0x000fc1       data     extern E:\3.46\pic18-lt\cxx-framework\src\traditional\proc\p18f4620.asm
                   ADCON0   0x000fc2       data     extern E:\3.46\pic18-lt\cxx-framework\src\traditional\proc\p18f4620.asm
               ADCON0bits   0x000fc2       data     extern E:\3.46\pic18-lt\cxx-framework\src\traditional\proc\p18f4620.asm
                   ADRESL   0x000fc3       data     extern E:\3.46\pic18-lt\cxx-framework\src\traditional\proc\p18f4620.asm
                    ADRES   0x000fc3       data     extern E:\3.46\pic18-lt\cxx-framework\src\traditional\proc\p18f4620.asm
                   ADRESH   0x000fc4       data     extern E:\3.46\pic18-lt\cxx-framework\src\traditional\proc\p18f4620.asm
                  SSPCON2   0x000fc5       data     extern E:\3.46\pic18-lt\cxx-framework\src\traditional\proc\p18f4620.asm
              SSPCON2bits   0x000fc5       data     extern E:\3.46\pic18-lt\cxx-framework\src\traditional\proc\p18f4620.asm
              SSPCON1bits   0x000fc6       data     extern E:\3.46\pic18-lt\cxx-framework\src\traditional\proc\p18f4620.asm
                  SSPCON1   0x000fc6       data     extern E:\3.46\pic18-lt\cxx-framework\src\traditional\proc\p18f4620.asm
              SSPSTATbits   0x000fc7       data     extern E:\3.46\pic18-lt\cxx-framework\src\traditional\proc\p18f4620.asm
                  SSPSTAT   0x000fc7       data     extern E:\3.46\pic18-lt\cxx-framework\src\traditional\proc\p18f4620.asm
                   SSPADD   0x000fc8       data     extern E:\3.46\pic18-lt\cxx-framework\src\traditional\proc\p18f4620.asm
                   SSPBUF   0x000fc9       data     extern E:\3.46\pic18-lt\cxx-framework\src\traditional\proc\p18f4620.asm
                    T2CON   0x000fca       data     extern E:\3.46\pic18-lt\cxx-framework\src\traditional\proc\p18f4620.asm
                T2CONbits   0x000fca       data     extern E:\3.46\pic18-lt\cxx-framework\src\traditional\proc\p18f4620.asm
                      PR2   0x000fcb       data     extern E:\3.46\pic18-lt\cxx-framework\src\traditional\proc\p18f4620.asm
                     TMR2   0x000fcc       data     extern E:\3.46\pic18-lt\cxx-framework\src\traditional\proc\p18f4620.asm
                T1CONbits   0x000fcd       data     extern E:\3.46\pic18-lt\cxx-framework\src\traditional\proc\p18f4620.asm
                    T1CON   0x000fcd       data     extern E:\3.46\pic18-lt\cxx-framework\src\traditional\proc\p18f4620.asm
                    TMR1L   0x000fce       data     extern E:\3.46\pic18-lt\cxx-framework\src\traditional\proc\p18f4620.asm
                    TMR1H   0x000fcf       data     extern E:\3.46\pic18-lt\cxx-framework\src\traditional\proc\p18f4620.asm
                     RCON   0x000fd0       data     extern E:\3.46\pic18-lt\cxx-framework\src\traditional\proc\p18f4620.asm
                 RCONbits   0x000fd0       data     extern E:\3.46\pic18-lt\cxx-framework\src\traditional\proc\p18f4620.asm
                   WDTCON   0x000fd1       data     extern E:\3.46\pic18-lt\cxx-framework\src\traditional\proc\p18f4620.asm
               WDTCONbits   0x000fd1       data     extern E:\3.46\pic18-lt\cxx-framework\src\traditional\proc\p18f4620.asm
              HLVDCONbits   0x000fd2       data     extern E:\3.46\pic18-lt\cxx-framework\src\traditional\proc\p18f4620.asm
                   LVDCON   0x000fd2       data     extern E:\3.46\pic18-lt\cxx-framework\src\traditional\proc\p18f4620.asm
                  HLVDCON   0x000fd2       data     extern E:\3.46\pic18-lt\cxx-framework\src\traditional\proc\p18f4620.asm
               LVDCONbits   0x000fd2       data     extern E:\3.46\pic18-lt\cxx-framework\src\traditional\proc\p18f4620.asm
               OSCCONbits   0x000fd3       data     extern E:\3.46\pic18-lt\cxx-framework\src\traditional\proc\p18f4620.asm
                   OSCCON   0x000fd3       data     extern E:\3.46\pic18-lt\cxx-framework\src\traditional\proc\p18f4620.asm
                    T0CON   0x000fd5       data     extern E:\3.46\pic18-lt\cxx-framework\src\traditional\proc\p18f4620.asm
                T0CONbits   0x000fd5       data     extern E:\3.46\pic18-lt\cxx-framework\src\traditional\proc\p18f4620.asm
                    TMR0L   0x000fd6       data     extern E:\3.46\pic18-lt\cxx-framework\src\traditional\proc\p18f4620.asm
                    TMR0H   0x000fd7       data     extern E:\3.46\pic18-lt\cxx-framework\src\traditional\proc\p18f4620.asm
               STATUSbits   0x000fd8       data     extern E:\3.46\pic18-lt\cxx-framework\src\traditional\proc\p18f4620.asm
                   STATUS   0x000fd8       data     extern E:\3.46\pic18-lt\cxx-framework\src\traditional\proc\p18f4620.asm
                    FSR2L   0x000fd9       data     extern E:\3.46\pic18-lt\cxx-framework\src\traditional\proc\p18f4620.asm
                     FSR2   0x000fd9       data     extern E:\3.46\pic18-lt\cxx-framework\src\traditional\proc\p18f4620.asm
                    FSR2H   0x000fda       data     extern E:\3.46\pic18-lt\cxx-framework\src\traditional\proc\p18f4620.asm
                   PLUSW2   0x000fdb       data     extern E:\3.46\pic18-lt\cxx-framework\src\traditional\proc\p18f4620.asm
                  PREINC2   0x000fdc       data     extern E:\3.46\pic18-lt\cxx-framework\src\traditional\proc\p18f4620.asm
                 POSTDEC2   0x000fdd       data     extern E:\3.46\pic18-lt\cxx-framework\src\traditional\proc\p18f4620.asm
                 POSTINC2   0x000fde       data     extern E:\3.46\pic18-lt\cxx-framework\src\traditional\proc\p18f4620.asm
                    INDF2   0x000fdf       data     extern E:\3.46\pic18-lt\cxx-framework\src\traditional\proc\p18f4620.asm
                      BSR   0x000fe0       data     extern E:\3.46\pic18-lt\cxx-framework\src\traditional\proc\p18f4620.asm
                    FSR1L   0x000fe1       data     extern E:\3.46\pic18-lt\cxx-framework\src\traditional\proc\p18f4620.asm
                     FSR1   0x000fe1       data     extern E:\3.46\pic18-lt\cxx-framework\src\traditional\proc\p18f4620.asm
                    FSR1H   0x000fe2       data     extern E:\3.46\pic18-lt\cxx-framework\src\traditional\proc\p18f4620.asm
                   PLUSW1   0x000fe3       data     extern E:\3.46\pic18-lt\cxx-framework\src\traditional\proc\p18f4620.asm
                  PREINC1   0x000fe4       data     extern E:\3.46\pic18-lt\cxx-framework\src\traditional\proc\p18f4620.asm
                 POSTDEC1   0x000fe5       data     extern E:\3.46\pic18-lt\cxx-framework\src\traditional\proc\p18f4620.asm
                 POSTINC1   0x000fe6       data     extern E:\3.46\pic18-lt\cxx-framework\src\traditional\proc\p18f4620.asm
                    INDF1   0x000fe7       data     extern E:\3.46\pic18-lt\cxx-framework\src\traditional\proc\p18f4620.asm
                        W   0x000fe8       data     extern E:\3.46\pic18-lt\cxx-framework\src\traditional\proc\p18f4620.asm
                     WREG   0x000fe8       data     extern E:\3.46\pic18-lt\cxx-framework\src\traditional\proc\p18f4620.asm
                    FSR0L   0x000fe9       data     extern E:\3.46\pic18-lt\cxx-framework\src\traditional\proc\p18f4620.asm
                     FSR0   0x000fe9       data     extern E:\3.46\pic18-lt\cxx-framework\src\traditional\proc\p18f4620.asm
                    FSR0H   0x000fea       data     extern E:\3.46\pic18-lt\cxx-framework\src\traditional\proc\p18f4620.asm
                   PLUSW0   0x000feb       data     extern E:\3.46\pic18-lt\cxx-framework\src\traditional\proc\p18f4620.asm
                  PREINC0   0x000fec       data     extern E:\3.46\pic18-lt\cxx-framework\src\traditional\proc\p18f4620.asm
                 POSTDEC0   0x000fed       data     extern E:\3.46\pic18-lt\cxx-framework\src\traditional\proc\p18f4620.asm
                 POSTINC0   0x000fee       data     extern E:\3.46\pic18-lt\cxx-framework\src\traditional\proc\p18f4620.asm
                    INDF0   0x000fef       data     extern E:\3.46\pic18-lt\cxx-framework\src\traditional\proc\p18f4620.asm
              INTCON3bits   0x000ff0       data     extern E:\3.46\pic18-lt\cxx-framework\src\traditional\proc\p18f4620.asm
                  INTCON3   0x000ff0       data     extern E:\3.46\pic18-lt\cxx-framework\src\traditional\proc\p18f4620.asm
              INTCON2bits   0x000ff1       data     extern E:\3.46\pic18-lt\cxx-framework\src\traditional\proc\p18f4620.asm
                  INTCON2   0x000ff1       data     extern E:\3.46\pic18-lt\cxx-framework\src\traditional\proc\p18f4620.asm
               INTCONbits   0x000ff2       data     extern E:\3.46\pic18-lt\cxx-framework\src\traditional\proc\p18f4620.asm
                   INTCON   0x000ff2       data     extern E:\3.46\pic18-lt\cxx-framework\src\traditional\proc\p18f4620.asm
                     PROD   0x000ff3       data     extern E:\3.46\pic18-lt\cxx-framework\src\traditional\proc\p18f4620.asm
                    PRODL   0x000ff3       data     extern E:\3.46\pic18-lt\cxx-framework\src\traditional\proc\p18f4620.asm
                    PRODH   0x000ff4       data     extern E:\3.46\pic18-lt\cxx-framework\src\traditional\proc\p18f4620.asm
                   TABLAT   0x000ff5       data     extern E:\3.46\pic18-lt\cxx-framework\src\traditional\proc\p18f4620.asm
                  TBLPTRL   0x000ff6       data     extern E:\3.46\pic18-lt\cxx-framework\src\traditional\proc\p18f4620.asm
                   TBLPTR   0x000ff6       data     extern E:\3.46\pic18-lt\cxx-framework\src\traditional\proc\p18f4620.asm
                  TBLPTRH   0x000ff7       data     extern E:\3.46\pic18-lt\cxx-framework\src\traditional\proc\p18f4620.asm
                  TBLPTRU   0x000ff8       data     extern E:\3.46\pic18-lt\cxx-framework\src\traditional\proc\p18f4620.asm
                      PCL   0x000ff9       data     extern E:\3.46\pic18-lt\cxx-framework\src\traditional\proc\p18f4620.asm
                       PC   0x000ff9       data     extern E:\3.46\pic18-lt\cxx-framework\src\traditional\proc\p18f4620.asm
                   PCLATH   0x000ffa       data     extern E:\3.46\pic18-lt\cxx-framework\src\traditional\proc\p18f4620.asm
                   PCLATU   0x000ffb       data     extern E:\3.46\pic18-lt\cxx-framework\src\traditional\proc\p18f4620.asm
               STKPTRbits   0x000ffc       data     extern E:\3.46\pic18-lt\cxx-framework\src\traditional\proc\p18f4620.asm
                   STKPTR   0x000ffc       data     extern E:\3.46\pic18-lt\cxx-framework\src\traditional\proc\p18f4620.asm
                      TOS   0x000ffd       data     extern E:\3.46\pic18-lt\cxx-framework\src\traditional\proc\p18f4620.asm
                     TOSL   0x000ffd       data     extern E:\3.46\pic18-lt\cxx-framework\src\traditional\proc\p18f4620.asm
                     TOSH   0x000ffe       data     extern E:\3.46\pic18-lt\cxx-framework\src\traditional\proc\p18f4620.asm
                     TOSU   0x000fff       data     extern E:\3.46\pic18-lt\cxx-framework\src\traditional\proc\p18f4620.asm


